0:0:0:0:0:0:0:1 - - [26/Mar/2021:10:08:47 -0100] "GET /hello/form HTTP/1.1" 200 520
0:0:0:0:0:0:0:1 - - [26/Mar/2021:10:08:58 -0100] "POST /hello/form HTTP/1.1" 200 168
0:0:0:0:0:0:0:1 - - [26/Mar/2021:10:09:00 -0100] "GET /hello/form HTTP/1.1" 200 520
0:0:0:0:0:0:0:1 - - [26/Mar/2021:10:09:17 -0100] "POST /hello/form HTTP/1.1" 200 168
0:0:0:0:0:0:0:1 - - [26/Mar/2021:10:09:21 -0100] "GET /hello/form HTTP/1.1" 200 520
0:0:0:0:0:0:0:1 - - [26/Mar/2021:10:09:22 -0100] "POST /hello/form HTTP/1.1" 200 168
0:0:0:0:0:0:0:1 - - [26/Mar/2021:11:11:19 -0100] "GET /hello/form HTTP/1.1" 200 520
127.0.0.1 - rodrigodinis [26/Mar/2021:11:12:47 -0100] "PUT /manager/text/deploy?path=%2Fhello&update=true HTTP/1.1" 200 62
0:0:0:0:0:0:0:1 - - [26/Mar/2021:11:12:55 -0100] "GET /hello/form HTTP/1.1" 200 694
0:0:0:0:0:0:0:1 - - [26/Mar/2021:11:12:55 -0100] "GET /favicon.ico HTTP/1.1" 200 21630
0:0:0:0:0:0:0:1 - - [26/Mar/2021:11:13:06 -0100] "POST /hello/form HTTP/1.1" 200 168
127.0.0.1 - rodrigodinis [26/Mar/2021:11:13:47 -0100] "PUT /manager/text/deploy?path=%2Fhello&update=true HTTP/1.1" 200 62
0:0:0:0:0:0:0:1 - - [26/Mar/2021:11:13:55 -0100] "POST /hello/form HTTP/1.1" 200 209
0:0:0:0:0:0:0:1 - - [26/Mar/2021:11:13:55 -0100] "GET /favicon.ico HTTP/1.1" 200 21630
0:0:0:0:0:0:0:1 - - [26/Mar/2021:11:13:57 -0100] "GET /hello/form HTTP/1.1" 200 694
0:0:0:0:0:0:0:1 - - [26/Mar/2021:11:13:58 -0100] "GET /hello/form HTTP/1.1" 200 694
0:0:0:0:0:0:0:1 - - [26/Mar/2021:11:13:58 -0100] "GET /favicon.ico HTTP/1.1" 200 21630
0:0:0:0:0:0:0:1 - - [26/Mar/2021:11:14:04 -0100] "POST /hello/form HTTP/1.1" 200 209
0:0:0:0:0:0:0:1 - - [26/Mar/2021:11:14:31 -0100] "GET /hello/form HTTP/1.1" 200 694
0:0:0:0:0:0:0:1 - - [26/Mar/2021:11:14:36 -0100] "GET /hello/form HTTP/1.1" 200 694
0:0:0:0:0:0:0:1 - - [26/Mar/2021:11:14:36 -0100] "GET /favicon.ico HTTP/1.1" 200 21630
127.0.0.1 - rodrigodinis [26/Mar/2021:11:16:26 -0100] "PUT /manager/text/deploy?path=%2Fhello&update=true HTTP/1.1" 200 62
127.0.0.1 - rodrigodinis [26/Mar/2021:11:17:03 -0100] "PUT /manager/text/deploy?path=%2Fhello&update=true HTTP/1.1" 200 62
0:0:0:0:0:0:0:1 - - [26/Mar/2021:11:17:09 -0100] "GET /hello/form HTTP/1.1" 200 707
0:0:0:0:0:0:0:1 - - [26/Mar/2021:11:17:09 -0100] "GET /hello/form HTTP/1.1" 200 707
0:0:0:0:0:0:0:1 - - [26/Mar/2021:11:17:09 -0100] "GET /favicon.ico HTTP/1.1" 200 21630
0:0:0:0:0:0:0:1 - - [26/Mar/2021:11:17:09 -0100] "GET /hello/form HTTP/1.1" 200 707
0:0:0:0:0:0:0:1 - - [26/Mar/2021:11:17:09 -0100] "GET /favicon.ico HTTP/1.1" 200 21630
127.0.0.1 - rodrigodinis [26/Mar/2021:11:18:19 -0100] "PUT /manager/text/deploy?path=%2Fhello&update=true HTTP/1.1" 200 62
127.0.0.1 - rodrigodinis [26/Mar/2021:11:18:35 -0100] "PUT /manager/text/deploy?path=%2Fhello&update=true HTTP/1.1" 200 62
0:0:0:0:0:0:0:1 - - [26/Mar/2021:11:18:44 -0100] "GET /hello/form HTTP/1.1" 200 740
0:0:0:0:0:0:0:1 - - [26/Mar/2021:11:18:44 -0100] "GET /favicon.ico HTTP/1.1" 200 21630
0:0:0:0:0:0:0:1 - - [26/Mar/2021:11:18:52 -0100] "POST /hello/form HTTP/1.1" 200 209
0:0:0:0:0:0:0:1 - - [26/Mar/2021:11:18:55 -0100] "GET /hello/form HTTP/1.1" 200 740
0:0:0:0:0:0:0:1 - - [26/Mar/2021:11:18:56 -0100] "GET /hello/form HTTP/1.1" 200 740
0:0:0:0:0:0:0:1 - - [26/Mar/2021:11:18:56 -0100] "GET /favicon.ico HTTP/1.1" 200 21630
127.0.0.1 - rodrigodinis [26/Mar/2021:11:56:48 -0100] "PUT /manager/text/deploy?path=%2Fhello&update=true HTTP/1.1" 200 62
0:0:0:0:0:0:0:1 - - [26/Mar/2021:11:56:56 -0100] "GET /hello/form HTTP/1.1" 500 10016
0:0:0:0:0:0:0:1 - - [26/Mar/2021:11:56:56 -0100] "GET /favicon.ico HTTP/1.1" 200 21630
0:0:0:0:0:0:0:1 - - [26/Mar/2021:11:57:02 -0100] "GET /hello/list HTTP/1.1" 500 10016
0:0:0:0:0:0:0:1 - - [26/Mar/2021:11:57:14 -0100] "GET / HTTP/1.1" 200 11156
0:0:0:0:0:0:0:1 - rodrigodinis [26/Mar/2021:11:57:16 -0100] "GET /manager/html HTTP/1.1" 200 18058
0:0:0:0:0:0:0:1 - - [26/Mar/2021:11:57:18 -0100] "GET /hello/ HTTP/1.1" 500 10016
0:0:0:0:0:0:0:1 - - [26/Mar/2021:12:00:01 -0100] "GET /hello/ HTTP/1.1" 500 10016
0:0:0:0:0:0:0:1 - - [26/Mar/2021:12:00:01 -0100] "GET /favicon.ico HTTP/1.1" 200 21630
127.0.0.1 - rodrigodinis [26/Mar/2021:12:10:34 -0100] "PUT /manager/text/deploy?path=%2Fhello&update=true HTTP/1.1" 200 62
0:0:0:0:0:0:0:1 - - [26/Mar/2021:12:10:37 -0100] "GET /hello/ HTTP/1.1" 500 10016
0:0:0:0:0:0:0:1 - - [26/Mar/2021:12:10:37 -0100] "GET /favicon.ico HTTP/1.1" 200 21630
0:0:0:0:0:0:0:1 - - [26/Mar/2021:12:10:37 -0100] "GET /hello/ HTTP/1.1" 500 10016
0:0:0:0:0:0:0:1 - - [26/Mar/2021:12:10:37 -0100] "GET /favicon.ico HTTP/1.1" 200 21630
0:0:0:0:0:0:0:1 - rodrigodinis [26/Mar/2021:12:10:40 -0100] "GET /manager/html HTTP/1.1" 200 18058
0:0:0:0:0:0:0:1 - - [26/Mar/2021:12:10:40 -0100] "GET /favicon.ico HTTP/1.1" 200 21630
0:0:0:0:0:0:0:1 - - [26/Mar/2021:12:10:42 -0100] "GET /hello/ HTTP/1.1" 500 10016
0:0:0:0:0:0:0:1 - - [26/Mar/2021:12:10:54 -0100] "GET /hello/customers HTTP/1.1" 500 10016
0:0:0:0:0:0:0:1 - - [26/Mar/2021:12:11:01 -0100] "GET /hello/list HTTP/1.1" 500 10016
0:0:0:0:0:0:0:1 - - [26/Mar/2021:12:11:05 -0100] "GET /hello/list/ HTTP/1.1" 500 10016
127.0.0.1 - rodrigodinis [26/Mar/2021:12:11:56 -0100] "PUT /manager/text/deploy?path=%2Fhello&update=true HTTP/1.1" 200 62
0:0:0:0:0:0:0:1 - - [26/Mar/2021:12:12:05 -0100] "GET /hello/list/ HTTP/1.1" 500 10016
0:0:0:0:0:0:0:1 - - [26/Mar/2021:12:12:05 -0100] "GET /favicon.ico HTTP/1.1" 200 21630
0:0:0:0:0:0:0:1 - - [26/Mar/2021:12:12:05 -0100] "GET /hello/list/ HTTP/1.1" 500 10016
0:0:0:0:0:0:0:1 - - [26/Mar/2021:12:12:06 -0100] "GET /favicon.ico HTTP/1.1" 200 21630
0:0:0:0:0:0:0:1 - - [26/Mar/2021:12:12:08 -0100] "GET /hello HTTP/1.1" 302 -
0:0:0:0:0:0:0:1 - - [26/Mar/2021:12:12:09 -0100] "GET /hello/ HTTP/1.1" 500 10016
0:0:0:0:0:0:0:1 - - [26/Mar/2021:12:12:09 -0100] "GET /hello/ HTTP/1.1" 500 10016
0:0:0:0:0:0:0:1 - - [26/Mar/2021:12:12:09 -0100] "GET /favicon.ico HTTP/1.1" 200 21630
0:0:0:0:0:0:0:1 - - [26/Mar/2021:12:12:13 -0100] "GET /hello/list HTTP/1.1" 500 10016
127.0.0.1 - rodrigodinis [26/Mar/2021:12:13:29 -0100] "PUT /manager/text/deploy?path=%2Fhello&update=true HTTP/1.1" 200 62
0:0:0:0:0:0:0:1 - - [26/Mar/2021:12:13:39 -0100] "GET /hello/list HTTP/1.1" 500 8206
0:0:0:0:0:0:0:1 - - [26/Mar/2021:12:13:39 -0100] "GET /hello/list HTTP/1.1" 500 26078
0:0:0:0:0:0:0:1 - - [26/Mar/2021:12:13:40 -0100] "GET /favicon.ico HTTP/1.1" 200 21630
0:0:0:0:0:0:0:1 - - [26/Mar/2021:12:13:42 -0100] "GET /hello HTTP/1.1" 302 -
0:0:0:0:0:0:0:1 - - [26/Mar/2021:12:13:43 -0100] "GET /hello/ HTTP/1.1" 500 26078
127.0.0.1 - rodrigodinis [26/Mar/2021:12:14:35 -0100] "PUT /manager/text/deploy?path=%2Fhello&update=true HTTP/1.1" 200 62
0:0:0:0:0:0:0:1 - - [26/Mar/2021:12:14:38 -0100] "GET /hello/ HTTP/1.1" 500 26078
0:0:0:0:0:0:0:1 - - [26/Mar/2021:12:14:38 -0100] "GET /favicon.ico HTTP/1.1" 200 21630
0:0:0:0:0:0:0:1 - - [26/Mar/2021:12:14:42 -0100] "GET /hello/list HTTP/1.1" 500 26078
127.0.0.1 - rodrigodinis [26/Mar/2021:12:16:10 -0100] "GET /manager/text/undeploy?path=%2Fhello HTTP/1.1" 200 64
127.0.0.1 - rodrigodinis [26/Mar/2021:12:16:59 -0100] "PUT /manager/text/deploy?path=%2Fhello HTTP/1.1" 200 62
0:0:0:0:0:0:0:1 - - [26/Mar/2021:12:17:04 -0100] "GET /hello/list HTTP/1.1" 500 26078
0:0:0:0:0:0:0:1 - - [26/Mar/2021:12:17:04 -0100] "GET /favicon.ico HTTP/1.1" 200 21630
127.0.0.1 - rodrigodinis [26/Mar/2021:12:20:01 -0100] "GET /manager/text/undeploy?path=%2Fhello HTTP/1.1" 200 64
127.0.0.1 - rodrigodinis [26/Mar/2021:12:20:30 -0100] "PUT /manager/text/deploy?path=%2Fhello HTTP/1.1" 200 62
0:0:0:0:0:0:0:1 - - [26/Mar/2021:12:20:34 -0100] "GET /hello/list HTTP/1.1" 500 26078
0:0:0:0:0:0:0:1 - - [26/Mar/2021:12:20:34 -0100] "GET /favicon.ico HTTP/1.1" 200 21630
127.0.0.1 - rodrigodinis [26/Mar/2021:12:21:23 -0100] "PUT /manager/text/deploy?path=%2Fhello&update=true HTTP/1.1" 200 62
0:0:0:0:0:0:0:1 - - [26/Mar/2021:12:21:31 -0100] "GET /hello/list HTTP/1.1" 500 26078
0:0:0:0:0:0:0:1 - - [26/Mar/2021:12:21:31 -0100] "GET /favicon.ico HTTP/1.1" 200 21630
127.0.0.1 - rodrigodinis [26/Mar/2021:12:22:40 -0100] "PUT /manager/text/deploy?path=%2Fhello&update=true HTTP/1.1" 200 62
0:0:0:0:0:0:0:1 - - [26/Mar/2021:12:22:46 -0100] "GET /hello/list HTTP/1.1" 404 765
0:0:0:0:0:0:0:1 - - [26/Mar/2021:12:22:46 -0100] "GET /favicon.ico HTTP/1.1" 200 21630
0:0:0:0:0:0:0:1 - - [26/Mar/2021:12:22:51 -0100] "GET /hello HTTP/1.1" 302 -
0:0:0:0:0:0:0:1 - - [26/Mar/2021:12:22:51 -0100] "GET /hello/ HTTP/1.1" 404 761
0:0:0:0:0:0:0:1 - - [26/Mar/2021:12:23:03 -0100] "GET /hello/customer/list HTTP/1.1" 200 1102
127.0.0.1 - rodrigodinis [26/Mar/2021:14:43:42 -0100] "PUT /manager/text/deploy?path=%2Fhello&update=true HTTP/1.1" 200 62
0:0:0:0:0:0:0:1 - - [26/Mar/2021:14:44:08 -0100] "GET /hello/customer/list HTTP/1.1" 200 1102
0:0:0:0:0:0:0:1 - - [26/Mar/2021:14:44:08 -0100] "GET /favicon.ico HTTP/1.1" 200 21630
0:0:0:0:0:0:0:1 - - [26/Mar/2021:14:44:16 -0100] "GET /hello/accounts/list HTTP/1.1" 200 425
127.0.0.1 - rodrigodinis [26/Mar/2021:14:45:05 -0100] "PUT /manager/text/deploy?path=%2Fhello&update=true HTTP/1.1" 200 62
0:0:0:0:0:0:0:1 - - [26/Mar/2021:14:45:11 -0100] "GET /hello/accounts/list HTTP/1.1" 200 425
0:0:0:0:0:0:0:1 - - [26/Mar/2021:14:45:11 -0100] "GET /hello/accounts/list HTTP/1.1" 200 425
0:0:0:0:0:0:0:1 - - [26/Mar/2021:14:45:11 -0100] "GET /favicon.ico HTTP/1.1" 200 21630
0:0:0:0:0:0:0:1 - - [26/Mar/2021:14:45:12 -0100] "GET /hello/accounts/list HTTP/1.1" 200 425
0:0:0:0:0:0:0:1 - - [26/Mar/2021:14:45:12 -0100] "GET /favicon.ico HTTP/1.1" 200 21630
0:0:0:0:0:0:0:1 - - [26/Mar/2021:14:45:13 -0100] "GET /hello/accounts/list HTTP/1.1" 200 425
0:0:0:0:0:0:0:1 - - [26/Mar/2021:14:45:13 -0100] "GET /favicon.ico HTTP/1.1" 200 21630
0:0:0:0:0:0:0:1 - - [26/Mar/2021:14:46:44 -0100] "GET /hello/accounts/list HTTP/1.1" 404 778
0:0:0:0:0:0:0:1 - - [26/Mar/2021:14:46:44 -0100] "GET /favicon.ico HTTP/1.1" 200 21630
0:0:0:0:0:0:0:1 - - [26/Mar/2021:14:46:45 -0100] "GET /hello/accounts/list HTTP/1.1" 404 778
0:0:0:0:0:0:0:1 - - [26/Mar/2021:14:46:45 -0100] "GET /favicon.ico HTTP/1.1" 200 21630
127.0.0.1 - rodrigodinis [26/Mar/2021:14:46:47 -0100] "PUT /manager/text/deploy?path=%2Fhello&update=true HTTP/1.1" 200 62
0:0:0:0:0:0:0:1 - - [26/Mar/2021:14:46:53 -0100] "GET /hello/accounts/list HTTP/1.1" 500 359
0:0:0:0:0:0:0:1 - - [26/Mar/2021:14:46:53 -0100] "GET /hello/accounts/list HTTP/1.1" 500 359
0:0:0:0:0:0:0:1 - - [26/Mar/2021:14:46:53 -0100] "GET /favicon.ico HTTP/1.1" 200 21630
0:0:0:0:0:0:0:1 - - [26/Mar/2021:14:55:27 -0100] "GET /hello/accounts/list HTTP/1.1" 500 359
0:0:0:0:0:0:0:1 - - [26/Mar/2021:14:55:27 -0100] "GET /favicon.ico HTTP/1.1" 200 21630
127.0.0.1 - rodrigodinis [26/Mar/2021:15:04:36 -0100] "PUT /manager/text/deploy?path=%2Fhello&update=true HTTP/1.1" 200 62
0:0:0:0:0:0:0:1 - - [26/Mar/2021:15:04:43 -0100] "GET /hello/accounts/list HTTP/1.1" 200 862
0:0:0:0:0:0:0:1 - - [26/Mar/2021:15:04:43 -0100] "GET /hello/accounts/list HTTP/1.1" 200 862
0:0:0:0:0:0:0:1 - - [26/Mar/2021:15:04:43 -0100] "GET /favicon.ico HTTP/1.1" 200 21630
0:0:0:0:0:0:0:1 - - [26/Mar/2021:15:57:17 -0100] "GET /hello/customer/list HTTP/1.1" 200 1102
127.0.0.1 - rodrigodinis [26/Mar/2021:15:57:31 -0100] "PUT /manager/text/deploy?path=%2Fhello&update=true HTTP/1.1" 200 62
0:0:0:0:0:0:0:1 - - [26/Mar/2021:15:57:35 -0100] "GET /hello/customer/list HTTP/1.1" 404 778
0:0:0:0:0:0:0:1 - - [26/Mar/2021:15:57:35 -0100] "GET /hello/customer/list HTTP/1.1" 404 778
0:0:0:0:0:0:0:1 - - [26/Mar/2021:15:57:35 -0100] "GET /hello/customer/list HTTP/1.1" 404 778
0:0:0:0:0:0:0:1 - - [26/Mar/2021:15:57:35 -0100] "GET /hello/customer/list HTTP/1.1" 404 778
0:0:0:0:0:0:0:1 - - [26/Mar/2021:15:57:35 -0100] "GET /favicon.ico HTTP/1.1" 200 21630
0:0:0:0:0:0:0:1 - - [26/Mar/2021:15:57:41 -0100] "GET /hello/customer/list HTTP/1.1" 404 778
0:0:0:0:0:0:0:1 - - [26/Mar/2021:15:57:41 -0100] "GET /favicon.ico HTTP/1.1" 200 21630
0:0:0:0:0:0:0:1 - - [26/Mar/2021:15:57:47 -0100] "GET /hello/customer/list/ HTTP/1.1" 404 783
0:0:0:0:0:0:0:1 - - [26/Mar/2021:15:58:10 -0100] "GET /hello/customers/list/ HTTP/1.1" 200 1260
127.0.0.1 - rodrigodinis [26/Mar/2021:16:00:03 -0100] "PUT /manager/text/deploy?path=%2Fhello&update=true HTTP/1.1" 200 62
0:0:0:0:0:0:0:1 - - [26/Mar/2021:16:00:11 -0100] "GET /hello/customers/list/ HTTP/1.1" 200 1468
0:0:0:0:0:0:0:1 - - [26/Mar/2021:16:00:11 -0100] "GET /favicon.ico HTTP/1.1" 200 21630
127.0.0.1 - rodrigodinis [26/Mar/2021:16:00:54 -0100] "PUT /manager/text/deploy?path=%2Fhello&update=true HTTP/1.1" 200 62
0:0:0:0:0:0:0:1 - - [26/Mar/2021:16:01:02 -0100] "GET /hello/customers/list/ HTTP/1.1" 200 1468
0:0:0:0:0:0:0:1 - - [26/Mar/2021:16:01:02 -0100] "GET /favicon.ico HTTP/1.1" 200 21630
0:0:0:0:0:0:0:1 - - [26/Mar/2021:16:01:04 -0100] "GET /hello/customers/list/1 HTTP/1.1" 404 785
0:0:0:0:0:0:0:1 - - [26/Mar/2021:16:01:14 -0100] "GET /hello/customers/list/1 HTTP/1.1" 404 785
127.0.0.1 - rodrigodinis [26/Mar/2021:16:02:28 -0100] "PUT /manager/text/deploy?path=%2Fhello&update=true HTTP/1.1" 200 62
0:0:0:0:0:0:0:1 - - [26/Mar/2021:16:03:15 -0100] "GET /hello/customers/list/ HTTP/1.1" 200 1636
0:0:0:0:0:0:0:1 - - [26/Mar/2021:16:03:16 -0100] "GET /favicon.ico HTTP/1.1" 200 21630
0:0:0:0:0:0:0:1 - - [26/Mar/2021:16:03:17 -0100] "GET /hello/customers/list/1 HTTP/1.1" 404 785
127.0.0.1 - rodrigodinis [26/Mar/2021:16:03:28 -0100] "PUT /manager/text/deploy?path=%2Fhello&update=true HTTP/1.1" 200 62
0:0:0:0:0:0:0:1 - - [26/Mar/2021:16:04:37 -0100] "GET /hello/customers/list/ HTTP/1.1" 200 1636
0:0:0:0:0:0:0:1 - - [26/Mar/2021:16:04:37 -0100] "GET /favicon.ico HTTP/1.1" 200 21630
0:0:0:0:0:0:0:1 - - [26/Mar/2021:16:04:43 -0100] "GET /hello/customers/list/1 HTTP/1.1" 404 785
127.0.0.1 - rodrigodinis [26/Mar/2021:16:04:50 -0100] "PUT /manager/text/deploy?path=%2Fhello&update=true HTTP/1.1" 200 62
0:0:0:0:0:0:0:1 - - [26/Mar/2021:16:05:15 -0100] "GET /hello/customers/list/ HTTP/1.1" 200 1636
0:0:0:0:0:0:0:1 - - [26/Mar/2021:16:05:15 -0100] "GET /favicon.ico HTTP/1.1" 200 21630
0:0:0:0:0:0:0:1 - - [26/Mar/2021:16:05:16 -0100] "GET /hello/customers/list/1 HTTP/1.1" 404 785
0:0:0:0:0:0:0:1 - - [26/Mar/2021:16:07:51 -0100] "GET /hello/customers/list/1 HTTP/1.1" 404 785
127.0.0.1 - rodrigodinis [26/Mar/2021:16:09:24 -0100] "PUT /manager/text/deploy?path=%2Fhello&update=true HTTP/1.1" 200 62
0:0:0:0:0:0:0:1 - - [26/Mar/2021:16:09:31 -0100] "GET /hello/customers/list/ HTTP/1.1" 200 1688
0:0:0:0:0:0:0:1 - - [26/Mar/2021:16:09:31 -0100] "GET /favicon.ico HTTP/1.1" 200 21630
0:0:0:0:0:0:0:1 - - [26/Mar/2021:16:09:32 -0100] "GET /hello/customers/list/$%7Bcustomer.id%7D HTTP/1.1" 404 802
0:0:0:0:0:0:0:1 - - [26/Mar/2021:16:09:38 -0100] "GET /hello/customers/list/$%7Bcustomer.id%7D HTTP/1.1" 404 802
0:0:0:0:0:0:0:1 - - [26/Mar/2021:16:09:41 -0100] "GET /hello/customers/list/$%7Bcustomer.id%7D HTTP/1.1" 404 802
0:0:0:0:0:0:0:1 - - [26/Mar/2021:16:09:51 -0100] "GET /hello/customers/list/$%7Bcustomer.id%7D HTTP/1.1" 404 802
0:0:0:0:0:0:0:1 - - [26/Mar/2021:16:09:54 -0100] "GET /hello/customers/list/$%7Bcustomer.id%7D HTTP/1.1" 404 802
0:0:0:0:0:0:0:1 - - [26/Mar/2021:16:09:58 -0100] "GET /hello/customers/list/$%7Bcustomer.id%7D HTTP/1.1" 404 802
127.0.0.1 - rodrigodinis [26/Mar/2021:16:10:47 -0100] "PUT /manager/text/deploy?path=%2Fhello&update=true HTTP/1.1" 200 62
0:0:0:0:0:0:0:1 - - [26/Mar/2021:16:10:56 -0100] "GET /hello/customers/list/$%7Bcustomer.id%7D HTTP/1.1" 404 802
0:0:0:0:0:0:0:1 - - [26/Mar/2021:16:10:56 -0100] "GET /hello/customers/list/$%7Bcustomer.id%7D HTTP/1.1" 404 802
0:0:0:0:0:0:0:1 - - [26/Mar/2021:16:10:57 -0100] "GET /hello/customers/list/ HTTP/1.1" 200 1688
0:0:0:0:0:0:0:1 - - [26/Mar/2021:16:10:58 -0100] "GET /hello/customers/list/ HTTP/1.1" 200 1688
0:0:0:0:0:0:0:1 - - [26/Mar/2021:16:10:58 -0100] "GET /favicon.ico HTTP/1.1" 200 21630
0:0:0:0:0:0:0:1 - - [26/Mar/2021:16:12:50 -0100] "GET /hello/customers/list/ HTTP/1.1" 200 1688
0:0:0:0:0:0:0:1 - - [26/Mar/2021:16:12:50 -0100] "GET /favicon.ico HTTP/1.1" 200 21630
0:0:0:0:0:0:0:1 - - [26/Mar/2021:16:12:51 -0100] "GET /hello/customers/list/$%7Bcustomer.id%7D HTTP/1.1" 404 802
127.0.0.1 - rodrigodinis [26/Mar/2021:16:13:45 -0100] "PUT /manager/text/deploy?path=%2Fhello&update=true HTTP/1.1" 200 62
0:0:0:0:0:0:0:1 - - [26/Mar/2021:16:15:28 -0100] "GET /hello/customers/list/$%7Bcustomer.id%7D HTTP/1.1" 404 802
0:0:0:0:0:0:0:1 - - [26/Mar/2021:16:19:50 -0100] "GET /hello/customers/list/(id=customer.id) HTTP/1.1" 404 800
127.0.0.1 - rodrigodinis [26/Mar/2021:16:20:14 -0100] "PUT /manager/text/deploy?path=%2Fhello&update=true HTTP/1.1" 200 62
0:0:0:0:0:0:0:1 - - [26/Mar/2021:16:20:21 -0100] "GET /hello/customers/list/$%7Bcustomer.id%7D HTTP/1.1" 404 802
0:0:0:0:0:0:0:1 - - [26/Mar/2021:16:20:22 -0100] "GET /hello/customers/list/ HTTP/1.1" 200 1720
0:0:0:0:0:0:0:1 - - [26/Mar/2021:16:20:24 -0100] "GET /hello/customers/list/ HTTP/1.1" 200 1720
0:0:0:0:0:0:0:1 - - [26/Mar/2021:16:20:24 -0100] "GET /favicon.ico HTTP/1.1" 200 21630
0:0:0:0:0:0:0:1 - - [26/Mar/2021:16:20:24 -0100] "GET /hello/customers/list/ HTTP/1.1" 200 1720
0:0:0:0:0:0:0:1 - - [26/Mar/2021:16:20:24 -0100] "GET /favicon.ico HTTP/1.1" 200 21630
0:0:0:0:0:0:0:1 - - [26/Mar/2021:16:22:03 -0100] "GET /hello/customers/list/ HTTP/1.1" 404 784
0:0:0:0:0:0:0:1 - - [26/Mar/2021:16:22:03 -0100] "GET /favicon.ico HTTP/1.1" 200 21630
127.0.0.1 - rodrigodinis [26/Mar/2021:16:22:04 -0100] "PUT /manager/text/deploy?path=%2Fhello&update=true HTTP/1.1" 200 62
0:0:0:0:0:0:0:1 - - [26/Mar/2021:16:22:13 -0100] "GET /hello/customers/list/ HTTP/1.1" 200 1648
0:0:0:0:0:0:0:1 - - [26/Mar/2021:16:22:13 -0100] "GET /hello/customers/list/ HTTP/1.1" 200 1648
0:0:0:0:0:0:0:1 - - [26/Mar/2021:16:22:13 -0100] "GET /favicon.ico HTTP/1.1" 200 21630
0:0:0:0:0:0:0:1 - - [26/Mar/2021:16:22:14 -0100] "GET /hello/customers/list/%7Bid%7D HTTP/1.1" 404 792
0:0:0:0:0:0:0:1 - - [26/Mar/2021:16:22:19 -0100] "GET /hello/customers/list/%7Bid%7D HTTP/1.1" 404 792
0:0:0:0:0:0:0:1 - - [26/Mar/2021:16:22:22 -0100] "GET /hello/customers/list/%7Bid%7D HTTP/1.1" 404 792
127.0.0.1 - rodrigodinis [26/Mar/2021:16:23:35 -0100] "PUT /manager/text/deploy?path=%2Fhello&update=true HTTP/1.1" 200 62
0:0:0:0:0:0:0:1 - - [26/Mar/2021:16:23:41 -0100] "GET /hello/customers/list/ HTTP/1.1" 200 1692
0:0:0:0:0:0:0:1 - - [26/Mar/2021:16:23:41 -0100] "GET /favicon.ico HTTP/1.1" 200 21630
0:0:0:0:0:0:0:1 - - [26/Mar/2021:16:23:43 -0100] "GET /hello/customers/list/?id=customer.id HTTP/1.1" 200 1692
0:0:0:0:0:0:0:1 - - [26/Mar/2021:16:23:46 -0100] "GET /hello/customers/list/?id=customer.id HTTP/1.1" 200 1692
0:0:0:0:0:0:0:1 - - [26/Mar/2021:16:23:47 -0100] "GET /hello/customers/list/?id=customer.id HTTP/1.1" 200 1692
0:0:0:0:0:0:0:1 - - [26/Mar/2021:16:23:47 -0100] "GET /hello/customers/list/?id=customer.id HTTP/1.1" 200 1692
0:0:0:0:0:0:0:1 - - [26/Mar/2021:16:23:48 -0100] "GET /hello/customers/list/?id=customer.id HTTP/1.1" 200 1692
0:0:0:0:0:0:0:1 - - [26/Mar/2021:16:24:33 -0100] "GET /hello/customers/list/?id=customer.id HTTP/1.1" 200 1692
0:0:0:0:0:0:0:1 - - [26/Mar/2021:16:24:35 -0100] "GET /hello/customers/list/?id=customer.id HTTP/1.1" 200 1692
0:0:0:0:0:0:0:1 - - [26/Mar/2021:16:24:35 -0100] "GET /favicon.ico HTTP/1.1" 200 21630
0:0:0:0:0:0:0:1 - - [26/Mar/2021:16:24:40 -0100] "GET /hello/customers/list/ HTTP/1.1" 200 1692
127.0.0.1 - rodrigodinis [26/Mar/2021:16:24:52 -0100] "PUT /manager/text/deploy?path=%2Fhello&update=true HTTP/1.1" 200 62
0:0:0:0:0:0:0:1 - - [26/Mar/2021:16:25:01 -0100] "GET /hello/customers/list/?id=customer.id HTTP/1.1" 200 1648
0:0:0:0:0:0:0:1 - - [26/Mar/2021:16:25:01 -0100] "GET /hello/customers/list/ HTTP/1.1" 200 1648
0:0:0:0:0:0:0:1 - - [26/Mar/2021:16:25:01 -0100] "GET /hello/customers/list/ HTTP/1.1" 200 1648
0:0:0:0:0:0:0:1 - - [26/Mar/2021:16:25:01 -0100] "GET /favicon.ico HTTP/1.1" 200 21630
0:0:0:0:0:0:0:1 - - [26/Mar/2021:16:25:19 -0100] "GET /hello/customers/list/%7Bid%7D HTTP/1.1" 404 792
0:0:0:0:0:0:0:1 - - [26/Mar/2021:16:26:03 -0100] "GET /hello/customers/list/%7Bid%7D HTTP/1.1" 404 792
127.0.0.1 - rodrigodinis [26/Mar/2021:16:29:18 -0100] "PUT /manager/text/deploy?path=%2Fhello&update=true HTTP/1.1" 200 62
0:0:0:0:0:0:0:1 - - [26/Mar/2021:16:29:27 -0100] "GET /hello/customers/list/ HTTP/1.1" 200 1680
0:0:0:0:0:0:0:1 - - [26/Mar/2021:16:29:27 -0100] "GET /favicon.ico HTTP/1.1" 200 21630
0:0:0:0:0:0:0:1 - - [26/Mar/2021:16:29:28 -0100] "GET /hello/customers/list/?customer.id HTTP/1.1" 200 1680
127.0.0.1 - rodrigodinis [26/Mar/2021:16:31:42 -0100] "PUT /manager/text/deploy?path=%2Fhello&update=true HTTP/1.1" 200 62
0:0:0:0:0:0:0:1 - - [26/Mar/2021:16:31:49 -0100] "GET /hello/customers/list/?customer.id HTTP/1.1" 200 1648
0:0:0:0:0:0:0:1 - - [26/Mar/2021:16:31:49 -0100] "GET /favicon.ico HTTP/1.1" 200 21630
0:0:0:0:0:0:0:1 - - [26/Mar/2021:16:31:52 -0100] "GET /hello/customers/list/ HTTP/1.1" 200 1648
0:0:0:0:0:0:0:1 - - [26/Mar/2021:16:31:54 -0100] "GET /hello/customers/list/%7Bid%7D HTTP/1.1" 404 792
0:0:0:0:0:0:0:1 - - [26/Mar/2021:16:32:21 -0100] "GET /hello/customers/list/%7Bid%7D HTTP/1.1" 404 792
0:0:0:0:0:0:0:1 - - [26/Mar/2021:16:32:50 -0100] "GET /hello/customers/list/%7Bid%7D HTTP/1.1" 404 792
127.0.0.1 - rodrigodinis [26/Mar/2021:16:33:33 -0100] "PUT /manager/text/deploy?path=%2Fhello&update=true HTTP/1.1" 200 62
0:0:0:0:0:0:0:1 - - [26/Mar/2021:16:33:41 -0100] "GET /hello/customers/list/ HTTP/1.1" 200 1688
0:0:0:0:0:0:0:1 - - [26/Mar/2021:16:33:41 -0100] "GET /favicon.ico HTTP/1.1" 200 21630
0:0:0:0:0:0:0:1 - - [26/Mar/2021:16:33:47 -0100] "GET /hello/customers/list/$%7Bcustomer.id%7D HTTP/1.1" 404 802
0:0:0:0:0:0:0:1 - - [26/Mar/2021:16:33:50 -0100] "GET /hello/customers/list/$%7Bcustomer.id%7D HTTP/1.1" 404 802
0:0:0:0:0:0:0:1 - - [26/Mar/2021:16:33:50 -0100] "GET /favicon.ico HTTP/1.1" 200 21630
127.0.0.1 - rodrigodinis [26/Mar/2021:16:34:39 -0100] "PUT /manager/text/deploy?path=%2Fhello&update=true HTTP/1.1" 200 62
0:0:0:0:0:0:0:1 - - [26/Mar/2021:16:34:48 -0100] "GET /hello/customers/list/$%7Bcustomer.id%7D HTTP/1.1" 404 802
0:0:0:0:0:0:0:1 - - [26/Mar/2021:16:34:49 -0100] "GET /hello/customers/list/ HTTP/1.1" 200 1708
0:0:0:0:0:0:0:1 - - [26/Mar/2021:16:34:49 -0100] "GET /favicon.ico HTTP/1.1" 200 21630
0:0:0:0:0:0:0:1 - - [26/Mar/2021:16:34:57 -0100] "GET /hello/customers/list/$%7Bcustomer.getId()%7D HTTP/1.1" 404 807
127.0.0.1 - rodrigodinis [26/Mar/2021:16:35:54 -0100] "PUT /manager/text/deploy?path=%2Fhello&update=true HTTP/1.1" 200 62
127.0.0.1 - rodrigodinis [26/Mar/2021:16:36:22 -0100] "PUT /manager/text/deploy?path=%2Fhello&update=true HTTP/1.1" 200 62
0:0:0:0:0:0:0:1 - - [26/Mar/2021:16:36:26 -0100] "GET /hello/customers/list/ HTTP/1.1" 200 1660
0:0:0:0:0:0:0:1 - - [26/Mar/2021:16:36:26 -0100] "GET /favicon.ico HTTP/1.1" 200 21630
0:0:0:0:0:0:0:1 - - [26/Mar/2021:16:36:29 -0100] "GET /hello/customers/list/$%7B HTTP/1.1" 404 788
0:0:0:0:0:0:0:1 - - [26/Mar/2021:16:41:13 -0100] "GET /hello/customers/list/$%7B HTTP/1.1" 404 788
127.0.0.1 - rodrigodinis [26/Mar/2021:16:41:57 -0100] "PUT /manager/text/deploy?path=%2Fhello&update=true HTTP/1.1" 200 62
0:0:0:0:0:0:0:1 - - [26/Mar/2021:16:42:05 -0100] "GET /hello/customers/list/$%7B HTTP/1.1" 404 788
0:0:0:0:0:0:0:1 - - [26/Mar/2021:16:42:05 -0100] "GET /hello/customers/list/$%7B HTTP/1.1" 404 788
0:0:0:0:0:0:0:1 - - [26/Mar/2021:16:42:05 -0100] "GET /hello/customers/list/ HTTP/1.1" 200 1640
0:0:0:0:0:0:0:1 - - [26/Mar/2021:16:42:08 -0100] "GET /hello/customers/list/ HTTP/1.1" 200 1640
0:0:0:0:0:0:0:1 - - [26/Mar/2021:16:42:08 -0100] "GET /favicon.ico HTTP/1.1" 200 21630
0:0:0:0:0:0:0:1 - - [26/Mar/2021:16:42:09 -0100] "GET /hello/customers/list/ HTTP/1.1" 200 1640
0:0:0:0:0:0:0:1 - - [26/Mar/2021:16:42:09 -0100] "GET /favicon.ico HTTP/1.1" 200 21630
0:0:0:0:0:0:0:1 - - [26/Mar/2021:16:42:09 -0100] "GET /hello/customers/list/ HTTP/1.1" 200 1640
0:0:0:0:0:0:0:1 - - [26/Mar/2021:16:42:09 -0100] "GET /favicon.ico HTTP/1.1" 200 21630
0:0:0:0:0:0:0:1 - - [26/Mar/2021:16:42:17 -0100] "GET /hello/customers/list/ HTTP/1.1" 200 1640
0:0:0:0:0:0:0:1 - - [26/Mar/2021:16:42:17 -0100] "GET /favicon.ico HTTP/1.1" 200 21630
0:0:0:0:0:0:0:1 - - [26/Mar/2021:16:42:19 -0100] "GET /hello/customers/list/?3 HTTP/1.1" 200 1640
0:0:0:0:0:0:0:1 - - [26/Mar/2021:16:42:21 -0100] "GET /hello/customers/list/?1 HTTP/1.1" 200 1640
127.0.0.1 - rodrigodinis [26/Mar/2021:16:43:34 -0100] "PUT /manager/text/deploy?path=%2Fhello&update=true HTTP/1.1" 200 62
0:0:0:0:0:0:0:1 - - [26/Mar/2021:16:43:43 -0100] "GET /hello/customers/list/ HTTP/1.1" 200 1688
0:0:0:0:0:0:0:1 - - [26/Mar/2021:16:43:43 -0100] "GET /hello/customers/list HTTP/1.1" 200 1688
0:0:0:0:0:0:0:1 - - [26/Mar/2021:16:43:52 -0100] "GET /hello/customers/list/$%7Bcustomer.id%7D HTTP/1.1" 404 802
0:0:0:0:0:0:0:1 - - [26/Mar/2021:16:44:52 -0100] "GET /hello/customers/list/$%7Bcustomer.id%7D HTTP/1.1" 404 802
127.0.0.1 - rodrigodinis [26/Mar/2021:16:45:14 -0100] "PUT /manager/text/deploy?path=%2Fhello&update=true HTTP/1.1" 200 62
0:0:0:0:0:0:0:1 - - [26/Mar/2021:16:45:29 -0100] "GET /hello/customers/list/$%7Bcustomer.id%7D HTTP/1.1" 404 802
0:0:0:0:0:0:0:1 - - [26/Mar/2021:16:45:35 -0100] "GET /hello/customers/list/ HTTP/1.1" 200 1640
0:0:0:0:0:0:0:1 - - [26/Mar/2021:16:45:35 -0100] "GET /favicon.ico HTTP/1.1" 200 21630
0:0:0:0:0:0:0:1 - - [26/Mar/2021:16:45:37 -0100] "GET /hello/customers/list/?2 HTTP/1.1" 200 1640
127.0.0.1 - rodrigodinis [26/Mar/2021:16:55:17 -0100] "PUT /manager/text/deploy?path=%2Fhello&update=true HTTP/1.1" 200 62
0:0:0:0:0:0:0:1 - - [26/Mar/2021:16:55:30 -0100] "GET /hello/customers/list/?1 HTTP/1.1" 200 1636
0:0:0:0:0:0:0:1 - - [26/Mar/2021:16:55:30 -0100] "GET /hello/customers/list/ HTTP/1.1" 200 1636
0:0:0:0:0:0:0:1 - - [26/Mar/2021:16:55:34 -0100] "GET /hello/customers/list/ HTTP/1.1" 200 1636
0:0:0:0:0:0:0:1 - - [26/Mar/2021:16:55:34 -0100] "GET /favicon.ico HTTP/1.1" 200 21630
0:0:0:0:0:0:0:1 - - [26/Mar/2021:16:55:34 -0100] "GET /hello/customers/list/ HTTP/1.1" 200 1636
0:0:0:0:0:0:0:1 - - [26/Mar/2021:16:55:34 -0100] "GET /favicon.ico HTTP/1.1" 200 21630
0:0:0:0:0:0:0:1 - - [26/Mar/2021:16:55:35 -0100] "GET /hello/customers/list/ HTTP/1.1" 200 1636
0:0:0:0:0:0:0:1 - - [26/Mar/2021:16:55:35 -0100] "GET /favicon.ico HTTP/1.1" 200 21630
0:0:0:0:0:0:0:1 - - [26/Mar/2021:16:55:37 -0100] "GET /hello/customers/list/2 HTTP/1.1" 404 785
0:0:0:0:0:0:0:1 - - [26/Mar/2021:17:05:19 -0100] "GET /hello/customers/list/1 HTTP/1.1" 404 785
0:0:0:0:0:0:0:1 - - [26/Mar/2021:17:06:11 -0100] "GET /hello/customers/list/1 HTTP/1.1" 404 785
0:0:0:0:0:0:0:1 - - [26/Mar/2021:17:06:15 -0100] "GET /hello/customers/list/1 HTTP/1.1" 404 785
0:0:0:0:0:0:0:1 - - [26/Mar/2021:17:07:18 -0100] "GET /hello/customers/list/2 HTTP/1.1" 404 785
127.0.0.1 - rodrigodinis [26/Mar/2021:17:13:48 -0100] "PUT /manager/text/deploy?path=%2Fhello&update=true HTTP/1.1" 200 62
127.0.0.1 - rodrigodinis [26/Mar/2021:17:14:14 -0100] "PUT /manager/text/deploy?path=%2Fhello&update=true HTTP/1.1" 200 62
127.0.0.1 - rodrigodinis [26/Mar/2021:17:15:19 -0100] "PUT /manager/text/deploy?path=%2Fhello&update=true HTTP/1.1" 200 62
0:0:0:0:0:0:0:1 - - [26/Mar/2021:17:15:25 -0100] "GET /hello/customers/list/1 HTTP/1.1" 404 785
0:0:0:0:0:0:0:1 - - [26/Mar/2021:17:15:25 -0100] "GET /hello/customers/list/ HTTP/1.1" 200 1636
0:0:0:0:0:0:0:1 - - [26/Mar/2021:17:15:27 -0100] "GET /hello/customers/list/ HTTP/1.1" 200 1636
0:0:0:0:0:0:0:1 - - [26/Mar/2021:17:15:27 -0100] "GET /favicon.ico HTTP/1.1" 200 21630
0:0:0:0:0:0:0:1 - - [26/Mar/2021:17:15:28 -0100] "GET /hello/customers/list/3 HTTP/1.1" 404 785
0:0:0:0:0:0:0:1 - - [26/Mar/2021:17:15:43 -0100] "GET /hello/customers/list/2 HTTP/1.1" 404 785
0:0:0:0:0:0:0:1 - - [26/Mar/2021:17:16:18 -0100] "GET /hello/customers/list/2 HTTP/1.1" 404 785
127.0.0.1 - rodrigodinis [26/Mar/2021:17:16:48 -0100] "PUT /manager/text/deploy?path=%2Fhello&update=true HTTP/1.1" 200 62
0:0:0:0:0:0:0:1 - - [26/Mar/2021:17:16:54 -0100] "GET /hello/customers/list/2 HTTP/1.1" 302 -
0:0:0:0:0:0:0:1 - - [26/Mar/2021:17:16:54 -0100] "GET /hello/customers/list/info HTTP/1.1" 400 762
0:0:0:0:0:0:0:1 - - [26/Mar/2021:17:17:04 -0100] "GET /hello/customers/list/2 HTTP/1.1" 302 -
0:0:0:0:0:0:0:1 - - [26/Mar/2021:17:17:04 -0100] "GET /hello/customers/list/info HTTP/1.1" 400 762
127.0.0.1 - rodrigodinis [26/Mar/2021:17:17:31 -0100] "PUT /manager/text/deploy?path=%2Fhello&update=true HTTP/1.1" 200 62
0:0:0:0:0:0:0:1 - - [26/Mar/2021:17:17:40 -0100] "GET /hello/customers/list/2 HTTP/1.1" 200 429
0:0:0:0:0:0:0:1 - - [26/Mar/2021:17:17:51 -0100] "GET /hello/customers/list/ HTTP/1.1" 200 1636
0:0:0:0:0:0:0:1 - - [26/Mar/2021:17:17:51 -0100] "GET /favicon.ico HTTP/1.1" 200 21630
0:0:0:0:0:0:0:1 - - [26/Mar/2021:17:18:06 -0100] "GET /hello/customers/list/3 HTTP/1.1" 200 429
127.0.0.1 - rodrigodinis [26/Mar/2021:17:18:55 -0100] "PUT /manager/text/deploy?path=%2Fhello&update=true HTTP/1.1" 200 62
127.0.0.1 - rodrigodinis [26/Mar/2021:17:19:43 -0100] "PUT /manager/text/deploy?path=%2Fhello&update=true HTTP/1.1" 200 62
0:0:0:0:0:0:0:1 - - [26/Mar/2021:17:19:59 -0100] "GET /hello/customers/list/ HTTP/1.1" 200 1652
0:0:0:0:0:0:0:1 - - [26/Mar/2021:17:19:59 -0100] "GET /favicon.ico HTTP/1.1" 200 21630
0:0:0:0:0:0:0:1 - - [26/Mar/2021:17:20:00 -0100] "GET /hello/customers/customer/3 HTTP/1.1" 500 524
0:0:0:0:0:0:0:1 - - [26/Mar/2021:17:20:29 -0100] "GET /hello/customers/customer/2 HTTP/1.1" 500 524
0:0:0:0:0:0:0:1 - - [26/Mar/2021:17:20:31 -0100] "GET /hello/customers/customer/4 HTTP/1.1" 500 529
0:0:0:0:0:0:0:1 - - [26/Mar/2021:17:20:43 -0100] "GET /hello/customers/customer/3 HTTP/1.1" 500 524
127.0.0.1 - rodrigodinis [26/Mar/2021:17:23:49 -0100] "PUT /manager/text/deploy?path=%2Fhello&update=true HTTP/1.1" 200 62
0:0:0:0:0:0:0:1 - - [26/Mar/2021:17:24:00 -0100] "GET /hello/customers/list/ HTTP/1.1" 200 1652
0:0:0:0:0:0:0:1 - - [26/Mar/2021:17:24:00 -0100] "GET /favicon.ico HTTP/1.1" 200 21630
0:0:0:0:0:0:0:1 - - [26/Mar/2021:17:24:02 -0100] "GET /hello/customers/customer/1 HTTP/1.1" 500 521
0:0:0:0:0:0:0:1 - - [26/Mar/2021:17:24:07 -0100] "GET /hello/customers/customer/3 HTTP/1.1" 500 524
0:0:0:0:0:0:0:1 - - [26/Mar/2021:17:25:07 -0100] "GET /hello/customers/customer/3 HTTP/1.1" 500 524
127.0.0.1 - rodrigodinis [26/Mar/2021:17:25:32 -0100] "PUT /manager/text/deploy?path=%2Fhello&update=true HTTP/1.1" 200 62
0:0:0:0:0:0:0:1 - - [26/Mar/2021:17:25:35 -0100] "GET /hello/customers/customer/3 HTTP/1.1" 500 524
127.0.0.1 - rodrigodinis [26/Mar/2021:17:26:54 -0100] "PUT /manager/text/deploy?path=%2Fhello&update=true HTTP/1.1" 200 62
0:0:0:0:0:0:0:1 - - [26/Mar/2021:17:27:01 -0100] "GET /hello/customers/customer/1 HTTP/1.1" 500 521
127.0.0.1 - rodrigodinis [26/Mar/2021:17:27:56 -0100] "PUT /manager/text/deploy?path=%2Fhello&update=true HTTP/1.1" 200 62
0:0:0:0:0:0:0:1 - - [26/Mar/2021:17:29:36 -0100] "GET /hello/customers/customer/1 HTTP/1.1" 500 521
0:0:0:0:0:0:0:1 - - [26/Mar/2021:17:29:38 -0100] "GET /hello/customers/list/ HTTP/1.1" 200 1652
0:0:0:0:0:0:0:1 - - [26/Mar/2021:17:29:38 -0100] "GET /favicon.ico HTTP/1.1" 200 21630
0:0:0:0:0:0:0:1 - - [26/Mar/2021:17:29:48 -0100] "GET /hello/customers/customer/1 HTTP/1.1" 500 521
127.0.0.1 - rodrigodinis [26/Mar/2021:17:34:42 -0100] "PUT /manager/text/deploy?path=%2Fhello&update=true HTTP/1.1" 200 62
0:0:0:0:0:0:0:1 - - [26/Mar/2021:17:35:03 -0100] "GET /hello/customers/customer/1 HTTP/1.1" 200 545
0:0:0:0:0:0:0:1 - - [26/Mar/2021:17:35:03 -0100] "GET /favicon.ico HTTP/1.1" 200 21630
0:0:0:0:0:0:0:1 - - [26/Mar/2021:17:35:06 -0100] "GET /hello/customers/customer/2 HTTP/1.1" 200 548
127.0.0.1 - rodrigodinis [26/Mar/2021:17:37:02 -0100] "PUT /manager/text/deploy?path=%2Fhello&update=true HTTP/1.1" 200 62
0:0:0:0:0:0:0:1 - - [26/Mar/2021:17:37:09 -0100] "GET /hello/customers/customer/3 HTTP/1.1" 200 548
0:0:0:0:0:0:0:1 - - [26/Mar/2021:17:37:09 -0100] "GET /hello/customers/list/ HTTP/1.1" 200 1652
0:0:0:0:0:0:0:1 - - [26/Mar/2021:17:37:14 -0100] "GET /hello/customers/list/ HTTP/1.1" 200 1652
0:0:0:0:0:0:0:1 - - [26/Mar/2021:17:37:14 -0100] "GET /favicon.ico HTTP/1.1" 200 21630
127.0.0.1 - rodrigodinis [26/Mar/2021:17:38:25 -0100] "PUT /manager/text/deploy?path=%2Fhello&update=true HTTP/1.1" 200 62
0:0:0:0:0:0:0:1 - - [26/Mar/2021:17:38:43 -0100] "GET /hello/customers/customer/3 HTTP/1.1" 200 548
0:0:0:0:0:0:0:1 - - [26/Mar/2021:17:38:43 -0100] "GET /hello/customers/list/ HTTP/1.1" 200 1652
0:0:0:0:0:0:0:1 - - [26/Mar/2021:17:38:43 -0100] "GET /favicon.ico HTTP/1.1" 200 21630
0:0:0:0:0:0:0:1 - - [26/Mar/2021:17:38:44 -0100] "GET /hello/customers/customer/3 HTTP/1.1" 200 548
127.0.0.1 - rodrigodinis [26/Mar/2021:17:44:36 -0100] "PUT /manager/text/deploy?path=%2Fhello&update=true HTTP/1.1" 200 62
127.0.0.1 - rodrigodinis [26/Mar/2021:17:45:17 -0100] "PUT /manager/text/deploy?path=%2Fhello&update=true HTTP/1.1" 200 62
0:0:0:0:0:0:0:1 - - [26/Mar/2021:17:45:34 -0100] "GET /hello/customers/customer/3 HTTP/1.1" 500 298
0:0:0:0:0:0:0:1 - - [26/Mar/2021:17:45:34 -0100] "GET /hello/customers/list/ HTTP/1.1" 200 1652
0:0:0:0:0:0:0:1 - - [26/Mar/2021:17:45:34 -0100] "GET /favicon.ico HTTP/1.1" 200 21630
0:0:0:0:0:0:0:1 - - [26/Mar/2021:17:45:35 -0100] "GET /hello/customers/customer/3 HTTP/1.1" 500 298
127.0.0.1 - rodrigodinis [26/Mar/2021:17:46:32 -0100] "PUT /manager/text/deploy?path=%2Fhello&update=true HTTP/1.1" 200 62
0:0:0:0:0:0:0:1 - - [26/Mar/2021:17:46:39 -0100] "GET /hello/customers/customer/3 HTTP/1.1" 200 548
127.0.0.1 - rodrigodinis [26/Mar/2021:17:47:42 -0100] "PUT /manager/text/deploy?path=%2Fhello&update=true HTTP/1.1" 200 62
0:0:0:0:0:0:0:1 - - [26/Mar/2021:17:47:48 -0100] "GET /hello/customers/customer/3 HTTP/1.1" 200 548
0:0:0:0:0:0:0:1 - - [26/Mar/2021:17:47:48 -0100] "GET /hello/customers/list/ HTTP/1.1" 200 1652
0:0:0:0:0:0:0:1 - - [26/Mar/2021:17:47:48 -0100] "GET /favicon.ico HTTP/1.1" 200 21630
0:0:0:0:0:0:0:1 - - [26/Mar/2021:17:47:54 -0100] "GET /hello/customers/customer/3 HTTP/1.1" 200 548
127.0.0.1 - rodrigodinis [26/Mar/2021:17:48:54 -0100] "PUT /manager/text/deploy?path=%2Fhello&update=true HTTP/1.1" 200 62
0:0:0:0:0:0:0:1 - - [26/Mar/2021:17:49:03 -0100] "GET /hello/customers/list/ HTTP/1.1" 200 1652
0:0:0:0:0:0:0:1 - - [26/Mar/2021:17:49:03 -0100] "GET /favicon.ico HTTP/1.1" 200 21630
0:0:0:0:0:0:0:1 - - [26/Mar/2021:17:49:05 -0100] "GET /hello/customers/customer/3 HTTP/1.1" 200 548
0:0:0:0:0:0:0:1 - - [26/Mar/2021:17:49:15 -0100] "GET /hello/customers/customer/3 HTTP/1.1" 200 548
127.0.0.1 - rodrigodinis [26/Mar/2021:17:50:01 -0100] "PUT /manager/text/deploy?path=%2Fhello&update=true HTTP/1.1" 200 62
0:0:0:0:0:0:0:1 - - [26/Mar/2021:17:50:10 -0100] "GET /hello/customers/list/ HTTP/1.1" 200 1652
0:0:0:0:0:0:0:1 - - [26/Mar/2021:17:50:10 -0100] "GET /favicon.ico HTTP/1.1" 200 21630
0:0:0:0:0:0:0:1 - - [26/Mar/2021:17:50:12 -0100] "GET /hello/customers/customer/3 HTTP/1.1" 200 663
0:0:0:0:0:0:0:1 - - [26/Mar/2021:17:53:12 -0100] "GET /hello/customers/customer/3 HTTP/1.1" 200 663
0:0:0:0:0:0:0:1 - - [26/Mar/2021:17:53:28 -0100] "GET /hello/customers/customer/3 HTTP/1.1" 200 663
0:0:0:0:0:0:0:1 - - [26/Mar/2021:17:53:32 -0100] "GET /hello/customers/customer/3 HTTP/1.1" 200 663
0:0:0:0:0:0:0:1 - - [26/Mar/2021:17:53:33 -0100] "GET /hello/customers/customer/2 HTTP/1.1" 200 664
0:0:0:0:0:0:0:1 - - [26/Mar/2021:17:53:35 -0100] "GET /hello/customers/customer/4 HTTP/1.1" 200 553
0:0:0:0:0:0:0:1 - - [26/Mar/2021:17:53:38 -0100] "GET /hello/customers/customer/1 HTTP/1.1" 200 661
127.0.0.1 - rodrigodinis [26/Mar/2021:17:55:54 -0100] "PUT /manager/text/deploy?path=%2Fhello&update=true HTTP/1.1" 200 62
0:0:0:0:0:0:0:1 - - [26/Mar/2021:17:56:04 -0100] "GET /hello/customers/customer/2 HTTP/1.1" 500 110
0:0:0:0:0:0:0:1 - - [26/Mar/2021:17:59:03 -0100] "GET /hello/customers/list/ HTTP/1.1" 200 1880
0:0:0:0:0:0:0:1 - - [26/Mar/2021:17:59:03 -0100] "GET /favicon.ico HTTP/1.1" 200 21630
0:0:0:0:0:0:0:1 - - [26/Mar/2021:17:59:08 -0100] "GET /hello/customers/customer/2 HTTP/1.1" 500 110
0:0:0:0:0:0:0:1 - - [26/Mar/2021:17:59:30 -0100] "GET /hello/customers/list/ HTTP/1.1" 404 784
0:0:0:0:0:0:0:1 - - [26/Mar/2021:17:59:30 -0100] "GET /favicon.ico HTTP/1.1" 200 21630
127.0.0.1 - rodrigodinis [26/Mar/2021:17:59:32 -0100] "PUT /manager/text/deploy?path=%2Fhello&update=true HTTP/1.1" 200 62
0:0:0:0:0:0:0:1 - - [26/Mar/2021:17:59:37 -0100] "GET /hello/customers/list/ HTTP/1.1" 200 1880
0:0:0:0:0:0:0:1 - - [26/Mar/2021:17:59:37 -0100] "GET /favicon.ico HTTP/1.1" 200 21630
0:0:0:0:0:0:0:1 - - [26/Mar/2021:17:59:38 -0100] "GET /hello/customers/customer/2 HTTP/1.1" 200 652
0:0:0:0:0:0:0:1 - - [26/Mar/2021:17:59:43 -0100] "GET /hello/customers/customer/3 HTTP/1.1" 200 651
0:0:0:0:0:0:0:1 - - [26/Mar/2021:17:59:46 -0100] "GET /hello/customers/customer/4 HTTP/1.1" 200 541
0:0:0:0:0:0:0:1 - - [26/Mar/2021:17:59:49 -0100] "GET /hello/customers/customer/1 HTTP/1.1" 200 649
0:0:0:0:0:0:0:1 - - [26/Mar/2021:17:59:57 -0100] "GET /hello/customers/customer/1 HTTP/1.1" 200 649
127.0.0.1 - rodrigodinis [26/Mar/2021:18:02:27 -0100] "PUT /manager/text/deploy?path=%2Fhello&update=true HTTP/1.1" 200 62
0:0:0:0:0:0:0:1 - - [26/Mar/2021:18:02:39 -0100] "GET /hello/customers/list/ HTTP/1.1" 200 1908
0:0:0:0:0:0:0:1 - - [26/Mar/2021:18:02:39 -0100] "GET /favicon.ico HTTP/1.1" 200 21630
0:0:0:0:0:0:0:1 - - [26/Mar/2021:18:02:42 -0100] "GET /hello/customers/customer/2 HTTP/1.1" 200 652
0:0:0:0:0:0:0:1 - - [26/Mar/2021:18:02:46 -0100] "GET /hello/customers/customer/2/delete HTTP/1.1" 500 4622
0:0:0:0:0:0:0:1 - - [26/Mar/2021:18:03:01 -0100] "GET /hello/customers/customer/2/delete HTTP/1.1" 500 4622
127.0.0.1 - rodrigodinis [26/Mar/2021:18:04:05 -0100] "PUT /manager/text/deploy?path=%2Fhello&update=true HTTP/1.1" 200 62
0:0:0:0:0:0:0:1 - - [26/Mar/2021:18:04:13 -0100] "GET /hello/customers/list/ HTTP/1.1" 200 1908
0:0:0:0:0:0:0:1 - - [26/Mar/2021:18:04:14 -0100] "GET /favicon.ico HTTP/1.1" 200 21630
0:0:0:0:0:0:0:1 - - [26/Mar/2021:18:04:16 -0100] "GET /hello/customers/customer/3 HTTP/1.1" 200 651
0:0:0:0:0:0:0:1 - - [26/Mar/2021:18:04:17 -0100] "GET /hello/customers/customer/3/delete HTTP/1.1" 500 4622
127.0.0.1 - rodrigodinis [26/Mar/2021:18:04:57 -0100] "PUT /manager/text/deploy?path=%2Fhello&update=true HTTP/1.1" 200 62
0:0:0:0:0:0:0:1 - - [26/Mar/2021:18:05:08 -0100] "GET /hello/customers/customer/3/delete HTTP/1.1" 500 4622
0:0:0:0:0:0:0:1 - - [26/Mar/2021:18:05:08 -0100] "GET /hello/customers/list/ HTTP/1.1" 200 1908
0:0:0:0:0:0:0:1 - - [26/Mar/2021:18:05:11 -0100] "GET /hello/customers/list/ HTTP/1.1" 200 1908
0:0:0:0:0:0:0:1 - - [26/Mar/2021:18:05:11 -0100] "GET /favicon.ico HTTP/1.1" 200 21630
0:0:0:0:0:0:0:1 - - [26/Mar/2021:18:06:08 -0100] "GET /hello/customers/customer/2/delete HTTP/1.1" 500 4622
0:0:0:0:0:0:0:1 - - [26/Mar/2021:18:06:31 -0100] "GET /hello/customers/customer/2 HTTP/1.1" 200 652
0:0:0:0:0:0:0:1 - - [26/Mar/2021:18:06:34 -0100] "GET /hello/customers/customer/2/delete HTTP/1.1" 500 4622
0:0:0:0:0:0:0:1 - - [26/Mar/2021:18:06:36 -0100] "GET /hello/customers/customer/2 HTTP/1.1" 200 652
0:0:0:0:0:0:0:1 - - [26/Mar/2021:18:06:39 -0100] "GET /hello/customers/customer/2/delete HTTP/1.1" 500 4622
127.0.0.1 - rodrigodinis [26/Mar/2021:18:08:09 -0100] "PUT /manager/text/deploy?path=%2Fhello&update=true HTTP/1.1" 200 62
0:0:0:0:0:0:0:1 - - [26/Mar/2021:18:08:13 -0100] "GET /hello/customers/list/ HTTP/1.1" 200 1872
0:0:0:0:0:0:0:1 - - [26/Mar/2021:18:08:13 -0100] "GET /favicon.ico HTTP/1.1" 200 21630
0:0:0:0:0:0:0:1 - - [26/Mar/2021:18:08:14 -0100] "GET /hello/customers/2/delete HTTP/1.1" 500 4621
0:0:0:0:0:0:0:1 - - [26/Mar/2021:18:08:18 -0100] "GET /hello/customers/customer/2 HTTP/1.1" 200 652
0:0:0:0:0:0:0:1 - - [26/Mar/2021:18:08:20 -0100] "GET /hello/customers/2/delete HTTP/1.1" 500 4621
0:0:0:0:0:0:0:1 - - [26/Mar/2021:18:09:02 -0100] "GET /hello/customers/4/delete HTTP/1.1" 500 4621
0:0:0:0:0:0:0:1 - - [26/Mar/2021:18:10:43 -0100] "GET /hello/customers/2/delete HTTP/1.1" 500 4621
127.0.0.1 - rodrigodinis [26/Mar/2021:18:10:45 -0100] "PUT /manager/text/deploy?path=%2Fhello&update=true HTTP/1.1" 200 92
0:0:0:0:0:0:0:1 - - [26/Mar/2021:18:10:57 -0100] "GET /hello/customers/list/ HTTP/1.1" 200 1836
0:0:0:0:0:0:0:1 - - [26/Mar/2021:18:10:57 -0100] "GET /favicon.ico HTTP/1.1" 200 21630
0:0:0:0:0:0:0:1 - - [26/Mar/2021:18:10:59 -0100] "GET /hello/customers/2 HTTP/1.1" 200 652
0:0:0:0:0:0:0:1 - - [26/Mar/2021:18:11:03 -0100] "GET /hello/customers/2/delete HTTP/1.1" 302 -
0:0:0:0:0:0:0:1 - - [26/Mar/2021:18:11:03 -0100] "GET /hello/customers/ HTTP/1.1" 404 775
0:0:0:0:0:0:0:1 - - [26/Mar/2021:18:12:21 -0100] "GET /hello/customers/2 HTTP/1.1" 500 3415
0:0:0:0:0:0:0:1 - - [26/Mar/2021:18:12:23 -0100] "GET /hello/customers/3/delete HTTP/1.1" 302 -
0:0:0:0:0:0:0:1 - - [26/Mar/2021:18:12:23 -0100] "GET /hello/customers/ HTTP/1.1" 404 775
127.0.0.1 - rodrigodinis [26/Mar/2021:18:12:52 -0100] "PUT /manager/text/deploy?path=%2Fhello&update=true HTTP/1.1" 200 92
0:0:0:0:0:0:0:1 - - [26/Mar/2021:18:13:03 -0100] "GET /hello/customers/list/ HTTP/1.1" 200 1832
0:0:0:0:0:0:0:1 - - [26/Mar/2021:18:13:03 -0100] "GET /favicon.ico HTTP/1.1" 200 21630
0:0:0:0:0:0:0:1 - - [26/Mar/2021:18:13:04 -0100] "GET /hello/customers/1 HTTP/1.1" 200 649
0:0:0:0:0:0:0:1 - - [26/Mar/2021:18:13:06 -0100] "GET /hello/customers/1/delete HTTP/1.1" 302 -
0:0:0:0:0:0:0:1 - - [26/Mar/2021:18:13:06 -0100] "GET /hello/customers/ HTTP/1.1" 404 775
0:0:0:0:0:0:0:1 - - [26/Mar/2021:18:13:13 -0100] "GET /hello/customers/1/delete HTTP/1.1" 500 5623
0:0:0:0:0:0:0:1 - - [26/Mar/2021:18:13:16 -0100] "GET /hello/customers/1/delete HTTP/1.1" 500 5623
0:0:0:0:0:0:0:1 - - [26/Mar/2021:18:13:18 -0100] "GET /hello/customers/2/delete HTTP/1.1" 302 -
0:0:0:0:0:0:0:1 - - [26/Mar/2021:18:13:18 -0100] "GET /hello/customers/ HTTP/1.1" 404 775
0:0:0:0:0:0:0:1 - - [26/Mar/2021:18:13:20 -0100] "GET /hello/customers/3/delete HTTP/1.1" 302 -
0:0:0:0:0:0:0:1 - - [26/Mar/2021:18:13:20 -0100] "GET /hello/customers/ HTTP/1.1" 404 775
0:0:0:0:0:0:0:1 - - [26/Mar/2021:18:13:22 -0100] "GET /hello/customers/4/delete HTTP/1.1" 302 -
0:0:0:0:0:0:0:1 - - [26/Mar/2021:18:13:22 -0100] "GET /hello/customers/ HTTP/1.1" 404 775
0:0:0:0:0:0:0:1 - - [26/Mar/2021:18:13:23 -0100] "GET /hello/customers/1/delete HTTP/1.1" 500 5623
127.0.0.1 - rodrigodinis [26/Mar/2021:18:13:54 -0100] "PUT /manager/text/deploy?path=%2Fhello&update=true HTTP/1.1" 200 62
127.0.0.1 - rodrigodinis [26/Mar/2021:18:14:26 -0100] "PUT /manager/text/deploy?path=%2Fhello&update=true HTTP/1.1" 200 62
0:0:0:0:0:0:0:1 - - [26/Mar/2021:18:14:31 -0100] "GET /hello/customers/2 HTTP/1.1" 200 652
0:0:0:0:0:0:0:1 - - [26/Mar/2021:18:14:31 -0100] "GET /hello/customers/list/ HTTP/1.1" 200 1832
0:0:0:0:0:0:0:1 - - [26/Mar/2021:18:14:32 -0100] "GET /hello/customers/list/ HTTP/1.1" 200 1832
0:0:0:0:0:0:0:1 - - [26/Mar/2021:18:14:32 -0100] "GET /favicon.ico HTTP/1.1" 200 21630
0:0:0:0:0:0:0:1 - - [26/Mar/2021:18:14:34 -0100] "GET /hello/customers/3 HTTP/1.1" 200 651
0:0:0:0:0:0:0:1 - - [26/Mar/2021:18:14:35 -0100] "GET /hello/customers/3/delete HTTP/1.1" 302 -
0:0:0:0:0:0:0:1 - - [26/Mar/2021:18:14:35 -0100] "GET /hello/customers/ HTTP/1.1" 404 775
0:0:0:0:0:0:0:1 - - [26/Mar/2021:18:14:37 -0100] "GET /hello/customers/1/delete HTTP/1.1" 302 -
0:0:0:0:0:0:0:1 - - [26/Mar/2021:18:14:37 -0100] "GET /hello/customers/ HTTP/1.1" 404 775
0:0:0:0:0:0:0:1 - - [26/Mar/2021:18:14:40 -0100] "GET /hello/customers/2/delete HTTP/1.1" 302 -
0:0:0:0:0:0:0:1 - - [26/Mar/2021:18:14:40 -0100] "GET /hello/customers/ HTTP/1.1" 404 775
0:0:0:0:0:0:0:1 - - [26/Mar/2021:18:14:42 -0100] "GET /hello/customers/1/delete HTTP/1.1" 500 5623
0:0:0:0:0:0:0:1 - - [26/Mar/2021:18:14:43 -0100] "GET /hello/customers/1/delete HTTP/1.1" 500 5623
0:0:0:0:0:0:0:1 - - [26/Mar/2021:18:14:45 -0100] "GET /hello/customers/2/delete HTTP/1.1" 500 5623
0:0:0:0:0:0:0:1 - - [26/Mar/2021:18:14:47 -0100] "GET /hello/customers/3/delete HTTP/1.1" 500 5623
127.0.0.1 - rodrigodinis [26/Mar/2021:18:15:53 -0100] "PUT /manager/text/deploy?path=%2Fhello&update=true HTTP/1.1" 200 62
0:0:0:0:0:0:0:1 - - [26/Mar/2021:18:16:01 -0100] "GET /hello/customers/list/ HTTP/1.1" 200 1832
0:0:0:0:0:0:0:1 - - [26/Mar/2021:18:16:01 -0100] "GET /favicon.ico HTTP/1.1" 200 21630
0:0:0:0:0:0:0:1 - - [26/Mar/2021:18:16:07 -0100] "GET /hello/customers/1 HTTP/1.1" 200 649
0:0:0:0:0:0:0:1 - - [26/Mar/2021:18:16:08 -0100] "GET /hello/customers/1/delete HTTP/1.1" 302 -
0:0:0:0:0:0:0:1 - - [26/Mar/2021:18:16:08 -0100] "GET /hello/customer/ HTTP/1.1" 404 774
0:0:0:0:0:0:0:1 - - [26/Mar/2021:18:16:10 -0100] "GET /hello/customers/1/delete HTTP/1.1" 500 5623
0:0:0:0:0:0:0:1 - - [26/Mar/2021:18:16:35 -0100] "GET /hello/customers/2/delete HTTP/1.1" 302 -
0:0:0:0:0:0:0:1 - - [26/Mar/2021:18:16:35 -0100] "GET /hello/customer/ HTTP/1.1" 404 774
0:0:0:0:0:0:0:1 - - [26/Mar/2021:18:16:38 -0100] "GET /hello/customers/1/delete HTTP/1.1" 500 5623
127.0.0.1 - rodrigodinis [26/Mar/2021:18:17:26 -0100] "PUT /manager/text/deploy?path=%2Fhello&update=true HTTP/1.1" 200 62
0:0:0:0:0:0:0:1 - - [26/Mar/2021:18:17:49 -0100] "GET /hello/customers/2 HTTP/1.1" 200 652
0:0:0:0:0:0:0:1 - - [26/Mar/2021:18:17:52 -0100] "GET /hello/customers/4 HTTP/1.1" 200 541
0:0:0:0:0:0:0:1 - - [26/Mar/2021:18:17:54 -0100] "GET /hello/customers/list/ HTTP/1.1" 200 1824
0:0:0:0:0:0:0:1 - - [26/Mar/2021:18:17:54 -0100] "GET /favicon.ico HTTP/1.1" 200 21630
0:0:0:0:0:0:0:1 - - [26/Mar/2021:18:17:59 -0100] "GET /hello/customer/2/delete HTTP/1.1" 404 786
0:0:0:0:0:0:0:1 - - [26/Mar/2021:18:18:03 -0100] "GET /hello/customer/2/delete HTTP/1.1" 404 786
0:0:0:0:0:0:0:1 - - [26/Mar/2021:18:18:06 -0100] "GET /hello/customer/1/delete HTTP/1.1" 404 786
0:0:0:0:0:0:0:1 - - [26/Mar/2021:18:18:08 -0100] "GET /hello/customers/list/ HTTP/1.1" 200 1824
0:0:0:0:0:0:0:1 - - [26/Mar/2021:18:18:08 -0100] "GET /favicon.ico HTTP/1.1" 200 21630
127.0.0.1 - rodrigodinis [26/Mar/2021:18:18:55 -0100] "PUT /manager/text/deploy?path=%2Fhello&update=true HTTP/1.1" 200 62
0:0:0:0:0:0:0:1 - - [26/Mar/2021:18:19:06 -0100] "GET /hello/customers/list/ HTTP/1.1" 200 1832
0:0:0:0:0:0:0:1 - - [26/Mar/2021:18:19:06 -0100] "GET /favicon.ico HTTP/1.1" 200 21630
0:0:0:0:0:0:0:1 - - [26/Mar/2021:18:19:07 -0100] "GET /hello/customers/1 HTTP/1.1" 200 649
0:0:0:0:0:0:0:1 - - [26/Mar/2021:18:19:09 -0100] "GET /hello/customers/2 HTTP/1.1" 200 652
0:0:0:0:0:0:0:1 - - [26/Mar/2021:18:19:11 -0100] "GET /hello/customers/2/delete HTTP/1.1" 302 -
0:0:0:0:0:0:0:1 - - [26/Mar/2021:18:19:11 -0100] "GET /hello/customers/ HTTP/1.1" 404 775
0:0:0:0:0:0:0:1 - - [26/Mar/2021:18:19:12 -0100] "GET /hello/customers/2/delete HTTP/1.1" 500 5622
0:0:0:0:0:0:0:1 - - [26/Mar/2021:18:26:04 -0100] "GET /hello/customers/list/ HTTP/1.1" 200 1492
0:0:0:0:0:0:0:1 - - [26/Mar/2021:18:26:04 -0100] "GET /favicon.ico HTTP/1.1" 200 21630
0:0:0:0:0:0:0:1 - - [26/Mar/2021:18:26:07 -0100] "GET /hello/customers/3/delete HTTP/1.1" 302 -
0:0:0:0:0:0:0:1 - - [26/Mar/2021:18:26:07 -0100] "GET /hello/customers/ HTTP/1.1" 404 775
0:0:0:0:0:0:0:1 - - [26/Mar/2021:18:26:09 -0100] "GET /hello/customers/3/delete HTTP/1.1" 500 5622
0:0:0:0:0:0:0:1 - - [26/Mar/2021:18:26:11 -0100] "GET /hello/customers/list/ HTTP/1.1" 200 1152
0:0:0:0:0:0:0:1 - - [26/Mar/2021:18:26:11 -0100] "GET /favicon.ico HTTP/1.1" 200 21630
127.0.0.1 - rodrigodinis [26/Mar/2021:18:26:37 -0100] "PUT /manager/text/deploy?path=%2Fhello&update=true HTTP/1.1" 200 62
0:0:0:0:0:0:0:1 - - [26/Mar/2021:18:27:00 -0100] "GET /hello/customers/list/ HTTP/1.1" 200 1832
0:0:0:0:0:0:0:1 - - [26/Mar/2021:18:27:00 -0100] "GET /favicon.ico HTTP/1.1" 200 21630
0:0:0:0:0:0:0:1 - - [26/Mar/2021:18:27:15 -0100] "GET /hello/customers/1/delete HTTP/1.1" 302 -
0:0:0:0:0:0:0:1 - - [26/Mar/2021:18:27:15 -0100] "GET /hello/customers/ HTTP/1.1" 404 775
0:0:0:0:0:0:0:1 - - [26/Mar/2021:18:27:17 -0100] "GET /hello/customers/1/delete HTTP/1.1" 500 5623
0:0:0:0:0:0:0:1 - - [26/Mar/2021:18:27:22 -0100] "GET /hello/customers/list/ HTTP/1.1" 200 1495
0:0:0:0:0:0:0:1 - - [26/Mar/2021:18:27:22 -0100] "GET /favicon.ico HTTP/1.1" 200 21630
0:0:0:0:0:0:0:1 - - [26/Mar/2021:18:27:25 -0100] "GET /hello/customers/3/delete HTTP/1.1" 302 -
0:0:0:0:0:0:0:1 - - [26/Mar/2021:18:27:25 -0100] "GET /hello/customers/ HTTP/1.1" 404 775
0:0:0:0:0:0:0:1 - - [26/Mar/2021:18:27:27 -0100] "GET /hello/customers/3/delete HTTP/1.1" 500 5623
0:0:0:0:0:0:0:1 - - [26/Mar/2021:18:27:30 -0100] "GET /hello/customers/list/ HTTP/1.1" 200 1155
0:0:0:0:0:0:0:1 - - [26/Mar/2021:18:27:30 -0100] "GET /favicon.ico HTTP/1.1" 200 21630
127.0.0.1 - rodrigodinis [26/Mar/2021:18:28:01 -0100] "PUT /manager/text/deploy?path=%2Fhello&update=true HTTP/1.1" 200 92
0:0:0:0:0:0:0:1 - - [26/Mar/2021:18:30:39 -0100] "GET /hello/customers/list/ HTTP/1.1" 200 1832
0:0:0:0:0:0:0:1 - - [26/Mar/2021:18:30:39 -0100] "GET /favicon.ico HTTP/1.1" 200 21630
0:0:0:0:0:0:0:1 - - [26/Mar/2021:18:34:13 -0100] "GET /hello/customers/list/ HTTP/1.1" 200 1832
0:0:0:0:0:0:0:1 - - [26/Mar/2021:18:34:13 -0100] "GET /favicon.ico HTTP/1.1" 200 21630
0:0:0:0:0:0:0:1 - - [26/Mar/2021:18:34:14 -0100] "GET /hello/customers/2 HTTP/1.1" 200 652
0:0:0:0:0:0:0:1 - - [26/Mar/2021:18:34:17 -0100] "GET /hello/customers/1/delete HTTP/1.1" 302 -
0:0:0:0:0:0:0:1 - - [26/Mar/2021:18:34:17 -0100] "GET /hello/customers/ HTTP/1.1" 404 775
0:0:0:0:0:0:0:1 - - [26/Mar/2021:18:34:20 -0100] "GET /hello/customers/1/delete HTTP/1.1" 500 5623
0:0:0:0:0:0:0:1 - - [26/Mar/2021:18:34:25 -0100] "GET /hello/customers/list/ HTTP/1.1" 200 1495
0:0:0:0:0:0:0:1 - - [26/Mar/2021:18:34:25 -0100] "GET /favicon.ico HTTP/1.1" 200 21630
0:0:0:0:0:0:0:1 - - [26/Mar/2021:18:34:34 -0100] "GET /hello/customers/3/delete HTTP/1.1" 302 -
0:0:0:0:0:0:0:1 - - [26/Mar/2021:18:34:34 -0100] "GET /hello/customers/ HTTP/1.1" 404 775
0:0:0:0:0:0:0:1 - - [26/Mar/2021:18:34:37 -0100] "GET /hello/customers/3/delete HTTP/1.1" 500 5623
0:0:0:0:0:0:0:1 - - [26/Mar/2021:18:34:39 -0100] "GET /hello/customers/list/ HTTP/1.1" 200 1155
0:0:0:0:0:0:0:1 - - [26/Mar/2021:18:34:39 -0100] "GET /favicon.ico HTTP/1.1" 200 21630
