0:0:0:0:0:0:0:1 - - [30/Mar/2021:09:33:03 +0000] "GET /javabank2/customer/list HTTP/1.1" 200 3186
0:0:0:0:0:0:0:1 - - [30/Mar/2021:09:33:03 +0000] "GET /favicon.ico HTTP/1.1" 200 21630
127.0.0.1 - rodrigodinis [30/Mar/2021:09:33:24 +0000] "PUT /manager/text/deploy?path=%2Fjavabank2&update=true HTTP/1.1" 200 66
0:0:0:0:0:0:0:1 - - [30/Mar/2021:09:34:46 +0000] "GET /javabank2/customer/list HTTP/1.1" 200 2762
0:0:0:0:0:0:0:1 - - [30/Mar/2021:09:34:46 +0000] "GET /favicon.ico HTTP/1.1" 200 21630
0:0:0:0:0:0:0:1 - - [30/Mar/2021:09:38:39 +0000] "GET /javabank2/customer/addcustomer HTTP/1.1" 200 1254
0:0:0:0:0:0:0:1 - - [30/Mar/2021:09:38:46 +0000] "POST /javabank2/customer/newcustomer HTTP/1.1" 200 1441
0:0:0:0:0:0:0:1 - - [30/Mar/2021:09:44:17 +0000] "POST /javabank2/customer/newcustomer HTTP/1.1" 302 -
0:0:0:0:0:0:0:1 - - [30/Mar/2021:09:44:17 +0000] "GET /javabank2/customer/list HTTP/1.1" 200 3222
127.0.0.1 - rodrigodinis [30/Mar/2021:09:46:33 +0000] "PUT /manager/text/deploy?path=%2Fjavabank2&update=true HTTP/1.1" 200 66
0:0:0:0:0:0:0:1 - - [30/Mar/2021:09:47:01 +0000] "GET /javabank2/customer/list HTTP/1.1" 200 2762
0:0:0:0:0:0:0:1 - - [30/Mar/2021:09:47:01 +0000] "GET /favicon.ico HTTP/1.1" 200 21630
0:0:0:0:0:0:0:1 - - [30/Mar/2021:09:47:05 +0000] "GET /javabank2/customer/addcustomer HTTP/1.1" 200 1254
0:0:0:0:0:0:0:1 - - [30/Mar/2021:09:47:14 +0000] "POST /javabank2/customer/newcustomer HTTP/1.1" 302 -
0:0:0:0:0:0:0:1 - - [30/Mar/2021:09:47:14 +0000] "GET /javabank2/customer/list HTTP/1.1" 200 3222
127.0.0.1 - rodrigodinis [30/Mar/2021:09:49:59 +0000] "PUT /manager/text/deploy?path=%2Fjavabank2&update=true HTTP/1.1" 200 66
0:0:0:0:0:0:0:1 - - [30/Mar/2021:09:51:19 +0000] "GET /javabank2/customer/list HTTP/1.1" 200 2762
0:0:0:0:0:0:0:1 - - [30/Mar/2021:09:51:19 +0000] "GET /favicon.ico HTTP/1.1" 200 21630
0:0:0:0:0:0:0:1 - - [30/Mar/2021:09:51:36 +0000] "GET /javabank2/customer/addcustomer HTTP/1.1" 200 1263
0:0:0:0:0:0:0:1 - - [30/Mar/2021:09:52:50 +0000] "POST /javabank2/customer/newcustomer HTTP/1.1" 302 -
0:0:0:0:0:0:0:1 - - [30/Mar/2021:09:52:50 +0000] "GET /javabank2/customer/list HTTP/1.1" 200 3235
127.0.0.1 - rodrigodinis [30/Mar/2021:09:53:55 +0000] "PUT /manager/text/deploy?path=%2Fjavabank2&update=true HTTP/1.1" 200 66
0:0:0:0:0:0:0:1 - - [30/Mar/2021:09:54:25 +0000] "GET /javabank2/customer/list HTTP/1.1" 200 2762
0:0:0:0:0:0:0:1 - - [30/Mar/2021:09:54:25 +0000] "GET /favicon.ico HTTP/1.1" 200 21630
0:0:0:0:0:0:0:1 - - [30/Mar/2021:09:54:30 +0000] "GET /javabank2/customer/addcustomer HTTP/1.1" 200 1263
0:0:0:0:0:0:0:1 - - [30/Mar/2021:09:54:39 +0000] "POST /javabank2/customer/newcustomer HTTP/1.1" 302 -
0:0:0:0:0:0:0:1 - - [30/Mar/2021:09:54:39 +0000] "GET /javabank2/customer/list HTTP/1.1" 200 3313
127.0.0.1 - rodrigodinis [30/Mar/2021:09:55:08 +0000] "PUT /manager/text/deploy?path=%2Fjavabank2&update=true HTTP/1.1" 200 66
0:0:0:0:0:0:0:1 - - [30/Mar/2021:09:55:18 +0000] "GET /javabank2/customer/addcustomer HTTP/1.1" 200 1263
0:0:0:0:0:0:0:1 - - [30/Mar/2021:09:55:50 +0000] "GET /javabank2/customer/newcustomer HTTP/1.1" 400 762
127.0.0.1 - rodrigodinis [30/Mar/2021:09:56:06 +0000] "PUT /manager/text/deploy?path=%2Fjavabank2&update=true HTTP/1.1" 200 66
0:0:0:0:0:0:0:1 - - [30/Mar/2021:09:56:27 +0000] "GET /javabank2/customer/list HTTP/1.1" 200 2762
0:0:0:0:0:0:0:1 - - [30/Mar/2021:09:56:27 +0000] "GET /favicon.ico HTTP/1.1" 200 21630
0:0:0:0:0:0:0:1 - - [30/Mar/2021:09:56:30 +0000] "GET /javabank2/customer/addcustomer HTTP/1.1" 200 1263
0:0:0:0:0:0:0:1 - - [30/Mar/2021:09:56:38 +0000] "POST /javabank2/customer/newcustomer HTTP/1.1" 302 -
0:0:0:0:0:0:0:1 - - [30/Mar/2021:09:56:38 +0000] "GET /javabank2/customer/list HTTP/1.1" 200 3322
0:0:0:0:0:0:0:1 - - [30/Mar/2021:09:56:42 +0000] "GET /javabank2/customer/addcustomer HTTP/1.1" 200 1263
0:0:0:0:0:0:0:1 - - [30/Mar/2021:09:57:16 +0000] "POST /javabank2/customer/newcustomer HTTP/1.1" 302 -
0:0:0:0:0:0:0:1 - - [30/Mar/2021:09:57:16 +0000] "GET /javabank2/customer/list HTTP/1.1" 200 3743
0:0:0:0:0:0:0:1 - - [30/Mar/2021:09:57:19 +0000] "GET /javabank2/customer/addcustomer HTTP/1.1" 200 1263
0:0:0:0:0:0:0:1 - - [30/Mar/2021:10:05:58 +0000] "GET /javabank2/customer/addcustomer HTTP/1.1" 200 1263
127.0.0.1 - rodrigodinis [30/Mar/2021:10:07:44 +0000] "PUT /manager/text/deploy?path=%2Fjavabank2&update=true HTTP/1.1" 200 66
0:0:0:0:0:0:0:1 - - [30/Mar/2021:10:08:07 +0000] "GET /javabank2/customer/list HTTP/1.1" 200 2762
0:0:0:0:0:0:0:1 - - [30/Mar/2021:10:08:07 +0000] "GET /favicon.ico HTTP/1.1" 200 21630
0:0:0:0:0:0:0:1 - - [30/Mar/2021:10:08:18 +0000] "GET /javabank2/customer/edit/3 HTTP/1.1" 200 1298
0:0:0:0:0:0:0:1 - - [30/Mar/2021:10:08:21 +0000] "POST /javabank2/customer/editcustomer HTTP/1.1" 200 1411
127.0.0.1 - rodrigodinis [30/Mar/2021:10:10:05 +0000] "PUT /manager/text/deploy?path=%2Fjavabank2&update=true HTTP/1.1" 200 66
0:0:0:0:0:0:0:1 - - [30/Mar/2021:10:10:32 +0000] "GET /javabank2/customer/addcustomer HTTP/1.1" 200 1263
0:0:0:0:0:0:0:1 - - [30/Mar/2021:10:10:35 +0000] "POST /javabank2/customer/newcustomer HTTP/1.1" 200 1594
127.0.0.1 - rodrigodinis [30/Mar/2021:15:33:20 +0000] "PUT /manager/text/deploy?path=%2Fjavabank2&update=true HTTP/1.1" 200 66
127.0.0.1 - rodrigodinis [30/Mar/2021:15:50:01 +0000] "PUT /manager/text/deploy?path=%2Fjavabank2&update=true HTTP/1.1" 200 66
0:0:0:0:0:0:0:1 - - [30/Mar/2021:15:50:11 +0000] "GET /javabank2/customer/list HTTP/1.1" 200 2352
0:0:0:0:0:0:0:1 - - [30/Mar/2021:15:50:11 +0000] "GET /favicon.ico HTTP/1.1" 200 21630
0:0:0:0:0:0:0:1 - - [30/Mar/2021:15:50:14 +0000] "GET / HTTP/1.1" 200 11156
0:0:0:0:0:0:0:1 - rodrigodinis [30/Mar/2021:15:50:16 +0000] "GET /manager/html HTTP/1.1" 200 19894
0:0:0:0:0:0:0:1 - - [30/Mar/2021:15:50:18 +0000] "GET /hello/ HTTP/1.1" 404 761
0:0:0:0:0:0:0:1 - - [30/Mar/2021:15:50:24 +0000] "GET /hello/list HTTP/1.1" 404 765
0:0:0:0:0:0:0:1 - - [30/Mar/2021:15:54:56 +0000] "GET / HTTP/1.1" 200 11156
0:0:0:0:0:0:0:1 - rodrigodinis [30/Mar/2021:15:54:59 +0000] "GET /manager/html HTTP/1.1" 200 19894
127.0.0.1 - rodrigodinis [30/Mar/2021:15:55:43 +0000] "PUT /manager/text/deploy?path=%2Fjavabank2&update=true HTTP/1.1" 200 66
0:0:0:0:0:0:0:1 - - [30/Mar/2021:15:56:54 +0000] "GET /javabank2/api/ HTTP/1.1" 404 773
0:0:0:0:0:0:0:1 - - [30/Mar/2021:15:57:29 +0000] "GET /javabank2/api/customer HTTP/1.1" 406 810
127.0.0.1 - rodrigodinis [30/Mar/2021:16:03:19 +0000] "PUT /manager/text/deploy?path=%2Fjavabank4&update=true HTTP/1.1" 200 66
0:0:0:0:0:0:0:1 - - [30/Mar/2021:16:03:25 +0000] "GET /javabank2/api/customer HTTP/1.1" 406 810
0:0:0:0:0:0:0:1 - rodrigodinis [30/Mar/2021:16:03:36 +0000] "GET /manager/html HTTP/1.1" 200 21731
0:0:0:0:0:0:0:1 - - [30/Mar/2021:16:03:36 +0000] "GET /favicon.ico HTTP/1.1" 200 21630
0:0:0:0:0:0:0:1 - - [30/Mar/2021:16:04:20 +0000] "GET /javabank4/ HTTP/1.1" 302 -
0:0:0:0:0:0:0:1 - - [30/Mar/2021:16:04:21 +0000] "GET /javabank4/customer/list HTTP/1.1" 200 3110
0:0:0:0:0:0:0:1 - - [30/Mar/2021:16:04:28 +0000] "GET /javabank4/api/customer HTTP/1.1" 500 5764
0:0:0:0:0:0:0:1 - - [30/Mar/2021:16:05:11 +0000] "GET /javabank4/api/customer HTTP/1.1" 500 5764
127.0.0.1 - rodrigodinis [30/Mar/2021:16:05:44 +0000] "PUT /manager/text/deploy?path=%2Fjavabank4&update=true HTTP/1.1" 200 66
0:0:0:0:0:0:0:1 - - [30/Mar/2021:16:05:58 +0000] "GET /javabank4/customer/list HTTP/1.1" 200 3110
0:0:0:0:0:0:0:1 - - [30/Mar/2021:16:05:58 +0000] "GET /javabank4/api/customer HTTP/1.1" 500 5764
0:0:0:0:0:0:0:1 - - [30/Mar/2021:16:06:01 +0000] "GET /javabank4/customer/list HTTP/1.1" 200 3110
0:0:0:0:0:0:0:1 - - [30/Mar/2021:16:06:01 +0000] "GET /favicon.ico HTTP/1.1" 200 21630
127.0.0.1 - rodrigodinis [30/Mar/2021:16:11:24 +0000] "PUT /manager/text/deploy?path=%2Fjavabank4&update=true HTTP/1.1" 200 66
0:0:0:0:0:0:0:1 - - [30/Mar/2021:16:11:32 +0000] "GET /javabank4/api/customer HTTP/1.1" 500 5764
0:0:0:0:0:0:0:1 - - [30/Mar/2021:16:14:02 +0000] "GET /javabank4/api/customer HTTP/1.1" 500 5764
0:0:0:0:0:0:0:1 - - [30/Mar/2021:16:15:18 +0000] "GET /javabank4/api/customer HTTP/1.1" 500 5764
127.0.0.1 - rodrigodinis [30/Mar/2021:16:19:47 +0000] "PUT /manager/text/deploy?path=%2Fjavabank4&update=true HTTP/1.1" 200 66
0:0:0:0:0:0:0:1 - - [30/Mar/2021:16:19:56 +0000] "GET /javabank4/api/customer HTTP/1.1" 500 10804
127.0.0.1 - rodrigodinis [30/Mar/2021:16:21:05 +0000] "PUT /manager/text/deploy?path=%2Fjavabank4&update=true HTTP/1.1" 200 66
0:0:0:0:0:0:0:1 - - [30/Mar/2021:16:21:11 +0000] "GET /javabank4/api/customer HTTP/1.1" 500 5764
0:0:0:0:0:0:0:1 - - [30/Mar/2021:16:21:14 +0000] "GET /javabank4/api/customer/ HTTP/1.1" 500 5766
127.0.0.1 - rodrigodinis [30/Mar/2021:16:23:21 +0000] "PUT /manager/text/deploy?path=%2Fjavabank4&update=true HTTP/1.1" 200 66
0:0:0:0:0:0:0:1 - - [30/Mar/2021:16:23:37 +0000] "GET /javabank4/api/customer/ HTTP/1.1" 500 5766
0:0:0:0:0:0:0:1 - - [30/Mar/2021:16:23:59 +0000] "GET /javabank4/customer/ HTTP/1.1" 200 3110
0:0:0:0:0:0:0:1 - - [30/Mar/2021:16:24:06 +0000] "GET /javabank4/api/customer/ HTTP/1.1" 500 5766
0:0:0:0:0:0:0:1 - - [30/Mar/2021:16:24:54 +0000] "GET /javabank4/api/customer HTTP/1.1" 500 5764
0:0:0:0:0:0:0:1 - - [30/Mar/2021:16:24:54 +0000] "GET /favicon.ico HTTP/1.1" 200 21630
127.0.0.1 - rodrigodinis [30/Mar/2021:16:25:49 +0000] "PUT /manager/text/deploy?path=%2Fjavabank4&update=true HTTP/1.1" 200 66
0:0:0:0:0:0:0:1 - - [30/Mar/2021:16:25:58 +0000] "GET /javabank4/api/customer/ HTTP/1.1" 500 5766
127.0.0.1 - rodrigodinis [30/Mar/2021:16:29:15 +0000] "PUT /manager/text/deploy?path=%2Fjavabank4&update=true HTTP/1.1" 200 66
0:0:0:0:0:0:0:1 - - [30/Mar/2021:16:29:24 +0000] "GET /javabank4/api/customer/ HTTP/1.1" 200 387
0:0:0:0:0:0:0:1 - - [30/Mar/2021:16:32:00 +0000] "GET /javabank4/api/customer/1 HTTP/1.1" 500 3901
0:0:0:0:0:0:0:1 - - [30/Mar/2021:16:32:08 +0000] "GET /javabank4/api/customer/ HTTP/1.1" 200 387
127.0.0.1 - rodrigodinis [30/Mar/2021:16:34:29 +0000] "PUT /manager/text/deploy?path=%2Fjavabank4&update=true HTTP/1.1" 200 66
0:0:0:0:0:0:0:1 - - [30/Mar/2021:16:34:59 +0000] "GET /javabank4/api/customer/1 HTTP/1.1" 500 3901
0:0:0:0:0:0:0:1 - - [30/Mar/2021:16:35:06 +0000] "GET /javabank4/api/customer/2 HTTP/1.1" 500 3901
0:0:0:0:0:0:0:1 - - [30/Mar/2021:16:35:08 +0000] "GET /javabank4/api/customer/3 HTTP/1.1" 500 3901
0:0:0:0:0:0:0:1 - - [30/Mar/2021:16:35:09 +0000] "GET /javabank4/api/customer/4 HTTP/1.1" 500 3901
0:0:0:0:0:0:0:1 - - [30/Mar/2021:16:35:28 +0000] "GET /javabank4/api/customer/4/account HTTP/1.1" 500 3901
127.0.0.1 - rodrigodinis [30/Mar/2021:16:39:48 +0000] "PUT /manager/text/deploy?path=%2Fjavabank4&update=true HTTP/1.1" 200 66
0:0:0:0:0:0:0:1 - - [30/Mar/2021:16:40:09 +0000] "GET /javabank4/api/customer/4 HTTP/1.1" 500 3901
0:0:0:0:0:0:0:1 - - [30/Mar/2021:16:40:09 +0000] "GET /javabank4/api/customer/4/ HTTP/1.1" 500 3901
0:0:0:0:0:0:0:1 - - [30/Mar/2021:16:40:11 +0000] "GET /javabank4/api/customer/4 HTTP/1.1" 500 3901
0:0:0:0:0:0:0:1 - - [30/Mar/2021:16:40:12 +0000] "GET /javabank4/api/customer/4 HTTP/1.1" 500 3901
127.0.0.1 - rodrigodinis [30/Mar/2021:16:40:39 +0000] "PUT /manager/text/deploy?path=%2Fjavabank4&update=true HTTP/1.1" 200 66
0:0:0:0:0:0:0:1 - - [30/Mar/2021:16:40:53 +0000] "GET /javabank4/api/customer HTTP/1.1" 500 3901
0:0:0:0:0:0:0:1 - - [30/Mar/2021:16:40:55 +0000] "GET /javabank4/api/customer HTTP/1.1" 500 3901
0:0:0:0:0:0:0:1 - - [30/Mar/2021:16:41:20 +0000] "GET /javabank4/api/customer HTTP/1.1" 500 3901
0:0:0:0:0:0:0:1 - - [30/Mar/2021:16:41:21 +0000] "GET /javabank4/api/customer HTTP/1.1" 500 3901
127.0.0.1 - rodrigodinis [30/Mar/2021:16:42:06 +0000] "PUT /manager/text/deploy?path=%2Fjavabank4&update=true HTTP/1.1" 200 66
0:0:0:0:0:0:0:1 - - [30/Mar/2021:16:43:02 +0000] "GET /javabank4/api/customer HTTP/1.1" 500 3901
0:0:0:0:0:0:0:1 - - [30/Mar/2021:16:43:33 +0000] "GET /javabank4/api/customer/1 HTTP/1.1" 500 3901
127.0.0.1 - rodrigodinis [30/Mar/2021:16:45:49 +0000] "PUT /manager/text/deploy?path=%2Fjavabank4&update=true HTTP/1.1" 200 66
0:0:0:0:0:0:0:1 - - [30/Mar/2021:16:46:01 +0000] "GET /javabank4/api/customer HTTP/1.1" 200 387
0:0:0:0:0:0:0:1 - - [30/Mar/2021:16:46:10 +0000] "GET /javabank4/api/customer/1 HTTP/1.1" 200 100
0:0:0:0:0:0:0:1 - - [30/Mar/2021:16:46:14 +0000] "GET /javabank4/api/customer/1/account HTTP/1.1" 200 126
0:0:0:0:0:0:0:1 - - [30/Mar/2021:16:58:11 +0000] "GET /javabank4/api/customer/2/account HTTP/1.1" 200 126
0:0:0:0:0:0:0:1 - - [30/Mar/2021:16:58:12 +0000] "GET /javabank4/api/customer/3/account HTTP/1.1" 200 125
0:0:0:0:0:0:0:1 - - [30/Mar/2021:16:58:14 +0000] "GET /javabank4/api/customer/4/account HTTP/1.1" 200 12
0:0:0:0:0:0:0:1 - - [30/Mar/2021:16:58:16 +0000] "GET /javabank4/api/customer/1/account HTTP/1.1" 200 126
127.0.0.1 - rodrigodinis [30/Mar/2021:17:04:05 +0000] "PUT /manager/text/deploy?path=%2Fjavabank4&update=true HTTP/1.1" 200 66
0:0:0:0:0:0:0:1 - - [30/Mar/2021:17:04:18 +0000] "GET /javabank4/api/customer/1/account/1 HTTP/1.1" 200 66
0:0:0:0:0:0:0:1 - - [30/Mar/2021:17:04:30 +0000] "GET /javabank4/api/customer/1/account HTTP/1.1" 200 126
0:0:0:0:0:0:0:1 - - [30/Mar/2021:17:04:37 +0000] "GET /javabank4/api/customer/1/account/1 HTTP/1.1" 200 66
0:0:0:0:0:0:0:1 - - [30/Mar/2021:17:04:40 +0000] "GET /javabank4/api/customer/1/account HTTP/1.1" 200 126
0:0:0:0:0:0:0:1 - - [30/Mar/2021:17:04:43 +0000] "GET /javabank4/api/customer/1/account/2 HTTP/1.1" 500 6321
127.0.0.1 - rodrigodinis [30/Mar/2021:17:05:09 +0000] "PUT /manager/text/deploy?path=%2Fjavabank4&update=true HTTP/1.1" 200 66
0:0:0:0:0:0:0:1 - - [30/Mar/2021:17:08:43 +0000] "GET /javabank4/api/customer/1/account/1 HTTP/1.1" 500 6321
127.0.0.1 - rodrigodinis [30/Mar/2021:17:09:04 +0000] "PUT /manager/text/deploy?path=%2Fjavabank4&update=true HTTP/1.1" 200 66
0:0:0:0:0:0:0:1 - - [30/Mar/2021:17:09:16 +0000] "GET /javabank4/api/customer/1/account/1 HTTP/1.1" 500 5791
127.0.0.1 - rodrigodinis [30/Mar/2021:17:18:31 +0000] "PUT /manager/text/deploy?path=%2Fjavabank4&update=true HTTP/1.1" 200 66
0:0:0:0:0:0:0:1 - - [30/Mar/2021:17:18:54 +0000] "POST /javabank4/api/customer HTTP/1.1" 500 6062
0:0:0:0:0:0:0:1 - - [30/Mar/2021:17:19:41 +0000] "GET /javabank4/api/customer HTTP/1.1" 200 387
0:0:0:0:0:0:0:1 - - [30/Mar/2021:17:20:41 +0000] "POST /javabank4/api/customer HTTP/1.1" 200 201
127.0.0.1 - rodrigodinis [30/Mar/2021:17:22:15 +0000] "PUT /manager/text/deploy?path=%2Fjavabank4&update=true HTTP/1.1" 200 66
0:0:0:0:0:0:0:1 - - [30/Mar/2021:17:22:32 +0000] "POST /javabank4/api/customer HTTP/1.1" 200 201
127.0.0.1 - rodrigodinis [30/Mar/2021:17:28:24 +0000] "PUT /manager/text/deploy?path=%2Fjavabank4&update=true HTTP/1.1" 200 66
0:0:0:0:0:0:0:1 - - [30/Mar/2021:17:28:31 +0000] "POST /javabank4/api/customer HTTP/1.1" 200 213
127.0.0.1 - rodrigodinis [30/Mar/2021:17:32:25 +0000] "PUT /manager/text/deploy?path=%2Fjavabank4&update=true HTTP/1.1" 200 66
0:0:0:0:0:0:0:1 - - [30/Mar/2021:17:32:29 +0000] "POST /javabank4/api/customer HTTP/1.1" 200 115
127.0.0.1 - rodrigodinis [30/Mar/2021:17:41:20 +0000] "PUT /manager/text/deploy?path=%2Fjavabank4&update=true HTTP/1.1" 200 66
0:0:0:0:0:0:0:1 - - [30/Mar/2021:17:41:56 +0000] "GET /javabank4/customer/1 HTTP/1.1" 200 4356
0:0:0:0:0:0:0:1 - - [30/Mar/2021:17:42:09 +0000] "PUT /javabank4/api/customer/1 HTTP/1.1" 200 100
0:0:0:0:0:0:0:1 - - [30/Mar/2021:17:42:14 +0000] "PUT /javabank4/api/customer/1 HTTP/1.1" 200 100
0:0:0:0:0:0:0:1 - - [30/Mar/2021:17:42:23 +0000] "PUT /javabank4/api/customer/1 HTTP/1.1" 200 100
0:0:0:0:0:0:0:1 - - [30/Mar/2021:17:42:23 +0000] "PUT /javabank4/api/customer/1 HTTP/1.1" 200 100
0:0:0:0:0:0:0:1 - - [30/Mar/2021:17:46:57 +0000] "PUT /javabank4/api/customer/1 HTTP/1.1" 200 100
127.0.0.1 - rodrigodinis [30/Mar/2021:17:49:36 +0000] "PUT /manager/text/deploy?path=%2Fjavabank4&update=true HTTP/1.1" 200 66
0:0:0:0:0:0:0:1 - - [30/Mar/2021:17:49:44 +0000] "PUT /javabank4/api/customer/1 HTTP/1.1" 500 5879
0:0:0:0:0:0:0:1 - - [30/Mar/2021:17:49:51 +0000] "PUT /javabank4/api/customer/1 HTTP/1.1" 500 5879
127.0.0.1 - rodrigodinis [30/Mar/2021:17:51:01 +0000] "PUT /manager/text/deploy?path=%2Fjavabank4&update=true HTTP/1.1" 200 66
0:0:0:0:0:0:0:1 - - [30/Mar/2021:17:51:14 +0000] "PUT /javabank4/api/customer/1 HTTP/1.1" 500 5879
0:0:0:0:0:0:0:1 - - [30/Mar/2021:17:51:24 +0000] "PUT /javabank4/api/customer/1 HTTP/1.1" 500 5879
0:0:0:0:0:0:0:1 - - [30/Mar/2021:17:51:28 +0000] "PUT /javabank4/api/customer/2 HTTP/1.1" 500 5879
0:0:0:0:0:0:0:1 - - [30/Mar/2021:17:51:31 +0000] "PUT /javabank4/api/customer/1 HTTP/1.1" 500 5879
127.0.0.1 - rodrigodinis [30/Mar/2021:17:53:10 +0000] "PUT /manager/text/deploy?path=%2Fjavabank4&update=true HTTP/1.1" 200 66
0:0:0:0:0:0:0:1 - - [30/Mar/2021:17:53:19 +0000] "PUT /javabank4/api/customer/1 HTTP/1.1" 500 5879
0:0:0:0:0:0:0:1 - - [30/Mar/2021:17:56:56 +0000] "PUT /javabank4/api/customer/1 HTTP/1.1" 500 5879
127.0.0.1 - rodrigodinis [30/Mar/2021:18:01:06 +0000] "PUT /manager/text/deploy?path=%2Fjavabank4&update=true HTTP/1.1" 200 66
0:0:0:0:0:0:0:1 - - [30/Mar/2021:18:01:22 +0000] "PUT /javabank4/api/customer/1 HTTP/1.1" 200 115
127.0.0.1 - rodrigodinis [30/Mar/2021:18:21:19 +0000] "PUT /manager/text/deploy?path=%2Fjavabank4&update=true HTTP/1.1" 200 66
0:0:0:0:0:0:0:1 - - [30/Mar/2021:18:21:33 +0000] "DELETE /javabank4/api/customer/1 HTTP/1.1" 400 7353
0:0:0:0:0:0:0:1 - - [30/Mar/2021:18:23:24 +0000] "DELETE /javabank4/api/customer/4 HTTP/1.1" 500 3272
0:0:0:0:0:0:0:1 - - [30/Mar/2021:18:23:39 +0000] "DELETE /javabank4/api/customer/2 HTTP/1.1" 400 7353
0:0:0:0:0:0:0:1 - - [30/Mar/2021:18:23:45 +0000] "DELETE /javabank4/api/customer/4 HTTP/1.1" 404 6533
0:0:0:0:0:0:0:1 - - [30/Mar/2021:18:23:58 +0000] "DELETE /javabank4/api/customer/3 HTTP/1.1" 400 7353
0:0:0:0:0:0:0:1 - - [30/Mar/2021:18:23:59 +0000] "DELETE /javabank4/api/customer/3 HTTP/1.1" 400 7353
0:0:0:0:0:0:0:1 - - [30/Mar/2021:18:24:02 +0000] "DELETE /javabank4/api/customer/4 HTTP/1.1" 404 6533
0:0:0:0:0:0:0:1 - - [30/Mar/2021:18:24:09 +0000] "GET /javabank4/customer/list HTTP/1.1" 200 2623
0:0:0:0:0:0:0:1 - - [30/Mar/2021:18:24:09 +0000] "GET /favicon.ico HTTP/1.1" 200 21630
127.0.0.1 - rodrigodinis [30/Mar/2021:18:24:41 +0000] "PUT /manager/text/deploy?path=%2Fjavabank4&update=true HTTP/1.1" 200 66
0:0:0:0:0:0:0:1 - - [30/Mar/2021:18:26:22 +0000] "DELETE /javabank4/api/customer/2 HTTP/1.1" 400 7353
0:0:0:0:0:0:0:1 - - [30/Mar/2021:18:26:25 +0000] "DELETE /javabank4/api/customer/4 HTTP/1.1" 200 -
127.0.0.1 - rodrigodinis [30/Mar/2021:18:41:46 +0000] "PUT /manager/text/deploy?path=%2Fjavabank4&update=true HTTP/1.1" 200 66
0:0:0:0:0:0:0:1 - - [30/Mar/2021:18:42:22 +0000] "GET /javabank4/api/customer/2/account/1 HTTP/1.1" 500 5867
127.0.0.1 - rodrigodinis [30/Mar/2021:18:48:18 +0000] "PUT /manager/text/deploy?path=%2Fjavabank4&update=true HTTP/1.1" 200 66
0:0:0:0:0:0:0:1 - - [30/Mar/2021:18:48:32 +0000] "GET /javabank4/api/customer/2/account/1 HTTP/1.1" 500 5867
127.0.0.1 - rodrigodinis [30/Mar/2021:18:49:37 +0000] "PUT /manager/text/deploy?path=%2Fjavabank4&update=true HTTP/1.1" 200 66
0:0:0:0:0:0:0:1 - - [30/Mar/2021:18:49:49 +0000] "GET /javabank4/api/customer/2/account/1 HTTP/1.1" 500 5867
127.0.0.1 - rodrigodinis [30/Mar/2021:18:55:26 +0000] "PUT /manager/text/deploy?path=%2Fjavabank4&update=true HTTP/1.1" 200 66
0:0:0:0:0:0:0:1 - - [30/Mar/2021:18:55:42 +0000] "GET /javabank4/api/customer/1/account/1 HTTP/1.1" 200 68
0:0:0:0:0:0:0:1 - - [30/Mar/2021:18:55:51 +0000] "GET /javabank4/api/customer/1/account/2 HTTP/1.1" 200 66
