127.0.0.1 - rodrigodinis [09/Apr/2021:00:10:26 +0000] "PUT /manager/text/deploy?path=%2Frememberthename HTTP/1.1" 200 72
0:0:0:0:0:0:0:1 - - [09/Apr/2021:00:10:42 +0000] "GET / HTTP/1.1" 200 11156
0:0:0:0:0:0:0:1 - - [09/Apr/2021:00:10:42 +0000] "GET /tomcat.svg HTTP/1.1" 200 67795
0:0:0:0:0:0:0:1 - - [09/Apr/2021:00:10:42 +0000] "GET /tomcat.css HTTP/1.1" 304 -
0:0:0:0:0:0:0:1 - - [09/Apr/2021:00:10:42 +0000] "GET /bg-nav.png HTTP/1.1" 304 -
0:0:0:0:0:0:0:1 - - [09/Apr/2021:00:10:42 +0000] "GET /asf-logo-wide.svg HTTP/1.1" 304 -
0:0:0:0:0:0:0:1 - - [09/Apr/2021:00:10:42 +0000] "GET /bg-middle.png HTTP/1.1" 304 -
0:0:0:0:0:0:0:1 - - [09/Apr/2021:00:10:42 +0000] "GET /bg-button.png HTTP/1.1" 304 -
0:0:0:0:0:0:0:1 - - [09/Apr/2021:00:10:42 +0000] "GET /bg-upper.png HTTP/1.1" 304 -
0:0:0:0:0:0:0:1 - - [09/Apr/2021:00:10:44 +0000] "GET /manager/html HTTP/1.1" 401 2499
0:0:0:0:0:0:0:1 - rodrigodinis [09/Apr/2021:00:10:51 +0000] "GET /manager/html HTTP/1.1" 200 25460
0:0:0:0:0:0:0:1 - - [09/Apr/2021:00:10:51 +0000] "GET /manager/images/tomcat.svg HTTP/1.1" 200 67795
0:0:0:0:0:0:0:1 - - [09/Apr/2021:00:10:51 +0000] "GET /manager/css/manager.css HTTP/1.1" 304 -
0:0:0:0:0:0:0:1 - - [09/Apr/2021:00:10:51 +0000] "GET /manager/images/asf-logo.svg HTTP/1.1" 304 -
0:0:0:0:0:0:0:1 - - [09/Apr/2021:00:10:51 +0000] "GET /favicon.ico HTTP/1.1" 200 21630
0:0:0:0:0:0:0:1 - - [09/Apr/2021:00:10:55 +0000] "GET /rememberthename/ HTTP/1.1" 500 18745
0:0:0:0:0:0:0:1 - - [09/Apr/2021:00:12:36 +0000] "DELETE /rememberthename/api/customer HTTP/1.1" 500 18745
0:0:0:0:0:0:0:1 - - [09/Apr/2021:00:12:39 +0000] "GET /rememberthename/api/customer HTTP/1.1" 500 18745
0:0:0:0:0:0:0:1 - - [09/Apr/2021:00:12:49 +0000] "GET /rememberthename/api/customer/ HTTP/1.1" 500 18745
0:0:0:0:0:0:0:1 - - [09/Apr/2021:00:12:59 +0000] "GET /rememberthename/api/customer/1 HTTP/1.1" 500 18745
127.0.0.1 - rodrigodinis [09/Apr/2021:00:15:08 +0000] "PUT /manager/text/deploy?path=%2Frememberthename&update=true HTTP/1.1" 200 102
0:0:0:0:0:0:0:1 - - [09/Apr/2021:00:15:13 +0000] "GET /rememberthename/api/customer/1 HTTP/1.1" 404 793
0:0:0:0:0:0:0:1 - - [09/Apr/2021:00:15:53 +0000] "GET /rememberthename/api/customer/2 HTTP/1.1" 404 793
0:0:0:0:0:0:0:1 - - [09/Apr/2021:00:15:54 +0000] "GET /rememberthename/api/customer HTTP/1.1" 404 787
0:0:0:0:0:0:0:1 - - [09/Apr/2021:00:15:55 +0000] "GET /rememberthename/api/customer/ HTTP/1.1" 404 792
0:0:0:0:0:0:0:1 - - [09/Apr/2021:00:16:10 +0000] "GET /rememberthename/ HTTP/1.1" 404 771
0:0:0:0:0:0:0:1 - - [09/Apr/2021:00:16:10 +0000] "GET /favicon.ico HTTP/1.1" 200 21630
0:0:0:0:0:0:0:1 - - [09/Apr/2021:00:16:14 +0000] "GET /rememberthename/ HTTP/1.1" 404 771
0:0:0:0:0:0:0:1 - - [09/Apr/2021:00:18:50 +0000] "GET /rememberthename/ HTTP/1.1" 404 771
0:0:0:0:0:0:0:1 - - [09/Apr/2021:00:19:10 +0000] "GET /javabank5/ HTTP/1.1" 302 -
0:0:0:0:0:0:0:1 - - [09/Apr/2021:00:19:10 +0000] "GET /javabank5/ HTTP/1.1" 302 -
0:0:0:0:0:0:0:1 - - [09/Apr/2021:00:19:10 +0000] "GET /javabank5/ HTTP/1.1" 302 -
0:0:0:0:0:0:0:1 - - [09/Apr/2021:00:19:11 +0000] "GET /javabank5/customer/list HTTP/1.1" 200 3116
0:0:0:0:0:0:0:1 - - [09/Apr/2021:00:19:15 +0000] "GET /javabank4/ HTTP/1.1" 302 -
0:0:0:0:0:0:0:1 - - [09/Apr/2021:00:19:15 +0000] "GET /javabank4/ HTTP/1.1" 302 -
0:0:0:0:0:0:0:1 - - [09/Apr/2021:00:19:15 +0000] "GET /javabank4/ HTTP/1.1" 302 -
0:0:0:0:0:0:0:1 - - [09/Apr/2021:00:19:15 +0000] "GET /javabank4/ HTTP/1.1" 302 -
0:0:0:0:0:0:0:1 - - [09/Apr/2021:00:19:15 +0000] "GET /javabank5/ HTTP/1.1" 302 -
0:0:0:0:0:0:0:1 - - [09/Apr/2021:00:19:15 +0000] "GET /javabank5/customer/list HTTP/1.1" 200 3116
0:0:0:0:0:0:0:1 - - [09/Apr/2021:00:19:15 +0000] "GET /javabank4/customer/list HTTP/1.1" 200 3110
0:0:0:0:0:0:0:1 - - [09/Apr/2021:00:19:26 +0000] "GET /rememberthename/ HTTP/1.1" 404 771
127.0.0.1 - rodrigodinis [09/Apr/2021:00:20:18 +0000] "PUT /manager/text/deploy?path=%2Frememberthename&update=true HTTP/1.1" 200 102
0:0:0:0:0:0:0:1 - - [09/Apr/2021:00:20:26 +0000] "GET /javabank4/ HTTP/1.1" 302 -
0:0:0:0:0:0:0:1 - - [09/Apr/2021:00:20:26 +0000] "GET /javabank4/customer/list HTTP/1.1" 200 3110
0:0:0:0:0:0:0:1 - - [09/Apr/2021:00:20:30 +0000] "GET /javabank4/customer/list HTTP/1.1" 200 3110
0:0:0:0:0:0:0:1 - - [09/Apr/2021:00:20:30 +0000] "GET /favicon.ico HTTP/1.1" 200 21630
0:0:0:0:0:0:0:1 - - [09/Apr/2021:00:20:35 +0000] "GET /manager/ HTTP/1.1" 302 -
0:0:0:0:0:0:0:1 - rodrigodinis [09/Apr/2021:00:20:35 +0000] "GET /manager/html HTTP/1.1" 200 24856
0:0:0:0:0:0:0:1 - rodrigodinis [09/Apr/2021:00:20:39 +0000] "GET /manager/ HTTP/1.1" 302 -
0:0:0:0:0:0:0:1 - rodrigodinis [09/Apr/2021:00:20:39 +0000] "GET /manager/html HTTP/1.1" 200 24856
0:0:0:0:0:0:0:1 - rodrigodinis [09/Apr/2021:00:20:41 +0000] "GET /manager/ HTTP/1.1" 302 -
0:0:0:0:0:0:0:1 - rodrigodinis [09/Apr/2021:00:20:41 +0000] "GET /manager/html HTTP/1.1" 200 24856
0:0:0:0:0:0:0:1 - rodrigodinis [09/Apr/2021:00:20:46 +0000] "GET /manager/text/deploy?path=%2Frememberthename&update=true HTTP/1.1" 200 68
0:0:0:0:0:0:0:1 - rodrigodinis [09/Apr/2021:00:20:49 +0000] "GET /manager/text/deploy?path=%2Frememberthename&update=true HTTP/1.1" 200 68
0:0:0:0:0:0:0:1 - - [09/Apr/2021:00:20:57 +0000] "GET /rememberthename HTTP/1.1" 404 766
127.0.0.1 - rodrigodinis [09/Apr/2021:00:21:51 +0000] "PUT /manager/text/deploy?path=%2Fjavabank5 HTTP/1.1" 200 66
127.0.0.1 - rodrigodinis [09/Apr/2021:00:21:52 +0000] "PUT /manager/text/deploy?path=%2Fjavabank5 HTTP/1.1" 200 66
127.0.0.1 - rodrigodinis [09/Apr/2021:00:21:54 +0000] "PUT /manager/text/deploy?path=%2Fjavabank5 HTTP/1.1" 200 66
127.0.0.1 - rodrigodinis [09/Apr/2021:00:21:55 +0000] "PUT /manager/text/deploy?path=%2Fjavabank5 HTTP/1.1" 200 66
0:0:0:0:0:0:0:1 - - [09/Apr/2021:00:22:16 +0000] "GET /rememberthename/api/customer/ HTTP/1.1" 404 792
127.0.0.1 - rodrigodinis [09/Apr/2021:00:24:06 +0000] "PUT /manager/text/deploy?path=%2Frememberthename&update=true HTTP/1.1" 200 102
0:0:0:0:0:0:0:1 - rodrigodinis [09/Apr/2021:00:25:28 +0000] "POST /manager/html/start?path=/rememberthename&org.apache.catalina.filters.CSRF_NONCE=E23C00E288E02377C4F16E59A6A99590 HTTP/1.1" 200 24934
127.0.0.1 - rodrigodinis [09/Apr/2021:00:31:02 +0000] "PUT /manager/text/deploy?path=%2Frememberthename&update=true HTTP/1.1" 200 102
0:0:0:0:0:0:0:1 - rodrigodinis [09/Apr/2021:00:33:44 +0000] "POST /manager/html/undeploy?path=/rememberthename&org.apache.catalina.filters.CSRF_NONCE=2AA9150D32967E55F95C7A56CE050642 HTTP/1.1" 200 23632
127.0.0.1 - rodrigodinis [09/Apr/2021:00:34:01 +0000] "PUT /manager/text/deploy?path=%2Frememberthename HTTP/1.1" 200 102
127.0.0.1 - rodrigodinis [09/Apr/2021:00:36:37 +0000] "PUT /manager/text/deploy?path=%2Frememberthename&update=true HTTP/1.1" 200 102
0:0:0:0:0:0:0:1 - - [09/Apr/2021:00:36:54 +0000] "GET /rememberthename HTTP/1.1" 404 766
0:0:0:0:0:0:0:1 - - [09/Apr/2021:00:37:09 +0000] "GET / HTTP/1.1" 200 11156
0:0:0:0:0:0:0:1 - rodrigodinis [09/Apr/2021:00:37:10 +0000] "GET /manager/html HTTP/1.1" 200 24856
0:0:0:0:0:0:0:1 - rodrigodinis [09/Apr/2021:00:37:17 +0000] "POST /manager/html/start?path=/rememberthename&org.apache.catalina.filters.CSRF_NONCE=D9CB4CAEE3E9F3641FF595CE925B4559 HTTP/1.1" 200 24934
127.0.0.1 - rodrigodinis [09/Apr/2021:00:45:18 +0000] "PUT /manager/text/deploy?path=%2Frememberthename&update=true HTTP/1.1" 200 102
127.0.0.1 - rodrigodinis [09/Apr/2021:00:49:21 +0000] "PUT /manager/text/deploy?path=%2Frememberthename&update=true HTTP/1.1" 200 102
127.0.0.1 - rodrigodinis [09/Apr/2021:00:51:32 +0000] "PUT /manager/text/deploy?path=%2Frememberthename&update=true HTTP/1.1" 200 102
127.0.0.1 - rodrigodinis [09/Apr/2021:00:53:10 +0000] "PUT /manager/text/deploy?path=%2Frememberthename&update=true HTTP/1.1" 200 72
0:0:0:0:0:0:0:1 - - [09/Apr/2021:00:53:23 +0000] "GET /rememberthename/ HTTP/1.1" 500 18745
0:0:0:0:0:0:0:1 - - [09/Apr/2021:00:53:40 +0000] "GET /rememberthename/api/customer/ HTTP/1.1" 500 18745
0:0:0:0:0:0:0:1 - - [09/Apr/2021:00:54:35 +0000] "GET /javabank4/api/customer/2 HTTP/1.1" 200 103
0:0:0:0:0:0:0:1 - - [09/Apr/2021:00:56:55 +0000] "GET /rememberthename/api/customer/2 HTTP/1.1" 500 18745
127.0.0.1 - rodrigodinis [09/Apr/2021:01:14:55 +0000] "PUT /manager/text/deploy?path=%2Frememberthename&update=true HTTP/1.1" 200 72
0:0:0:0:0:0:0:1 - - [09/Apr/2021:01:15:02 +0000] "GET /rememberthename/api/customer/2 HTTP/1.1" 500 18745
0:0:0:0:0:0:0:1 - - [09/Apr/2021:01:15:07 +0000] "GET /rememberthename/api/customer/1 HTTP/1.1" 500 18745
127.0.0.1 - rodrigodinis [09/Apr/2021:01:18:16 +0000] "PUT /manager/text/deploy?path=%2Frememberthename&update=true HTTP/1.1" 200 102
127.0.0.1 - rodrigodinis [09/Apr/2021:01:18:34 +0000] "PUT /manager/text/deploy?path=%2Frememberthename&update=true HTTP/1.1" 200 72
127.0.0.1 - rodrigodinis [09/Apr/2021:01:20:27 +0000] "PUT /manager/text/deploy?path=%2Frememberthename&update=true HTTP/1.1" 200 72
0:0:0:0:0:0:0:1 - - [09/Apr/2021:01:20:32 +0000] "GET /rememberthename/api/customer/1 HTTP/1.1" 500 18745
127.0.0.1 - rodrigodinis [09/Apr/2021:01:20:52 +0000] "PUT /manager/text/deploy?path=%2Frememberthename&update=true HTTP/1.1" 200 102
127.0.0.1 - rodrigodinis [09/Apr/2021:01:24:26 +0000] "PUT /manager/text/deploy?path=%2Frememberthename&update=true HTTP/1.1" 200 72
127.0.0.1 - rodrigodinis [09/Apr/2021:01:41:12 +0000] "PUT /manager/text/deploy?path=%2Frememberthename&update=true HTTP/1.1" 200 72
0:0:0:0:0:0:0:1 - - [09/Apr/2021:01:41:19 +0000] "GET /rememberthename/api/customer/1 HTTP/1.1" 500 18745
0:0:0:0:0:0:0:1 - - [09/Apr/2021:01:41:25 +0000] "GET /rememberthename/api/customer/1 HTTP/1.1" 500 18745
0:0:0:0:0:0:0:1 - - [09/Apr/2021:01:41:33 +0000] "GET /rememberthename/api/customer HTTP/1.1" 500 18745
0:0:0:0:0:0:0:1 - - [09/Apr/2021:01:41:35 +0000] "GET /rememberthename/api/customer/ HTTP/1.1" 500 18745
127.0.0.1 - rodrigodinis [09/Apr/2021:01:59:25 +0000] "PUT /manager/text/deploy?path=%2Frememberthename&update=true HTTP/1.1" 200 72
0:0:0:0:0:0:0:1 - - [09/Apr/2021:01:59:31 +0000] "GET /rememberthename/api/customer/ HTTP/1.1" 500 18745
0:0:0:0:0:0:0:1 - - [09/Apr/2021:01:59:35 +0000] "GET /rememberthename/api/customer/1 HTTP/1.1" 500 18745
0:0:0:0:0:0:0:1 - - [09/Apr/2021:01:59:36 +0000] "GET /rememberthename/api/customer/1 HTTP/1.1" 500 18745
0:0:0:0:0:0:0:1 - - [09/Apr/2021:01:59:36 +0000] "GET /rememberthename/api/customer/1 HTTP/1.1" 500 18745
0:0:0:0:0:0:0:1 - - [09/Apr/2021:02:01:04 +0000] "GET /rememberthename/api/customer HTTP/1.1" 500 18745
0:0:0:0:0:0:0:1 - - [09/Apr/2021:02:01:07 +0000] "GET /rememberthename/api/customer/1 HTTP/1.1" 500 18745
0:0:0:0:0:0:0:1 - - [09/Apr/2021:02:01:12 +0000] "GET /rememberthename/api/customer HTTP/1.1" 500 18745
0:0:0:0:0:0:0:1 - - [09/Apr/2021:02:01:14 +0000] "GET /rememberthename/api/customer/1 HTTP/1.1" 500 18745
0:0:0:0:0:0:0:1 - - [09/Apr/2021:02:02:38 +0000] "GET /rememberthename/api/customer/1 HTTP/1.1" 500 18745
0:0:0:0:0:0:0:1 - - [09/Apr/2021:02:02:45 +0000] "GET /rememberthename/api/ HTTP/1.1" 500 18745
0:0:0:0:0:0:0:1 - - [09/Apr/2021:02:03:04 +0000] "GET /rememberthename/api/1 HTTP/1.1" 500 18745
0:0:0:0:0:0:0:1 - - [09/Apr/2021:02:03:42 +0000] "GET /rememberthename/api/customer/1 HTTP/1.1" 500 18745
0:0:0:0:0:0:0:1 - - [09/Apr/2021:02:05:03 +0000] "GET /rememberthename/api/customer/1 HTTP/1.1" 500 18745
0:0:0:0:0:0:0:1 - - [09/Apr/2021:02:13:11 +0000] "GET /rememberthename/api/customer/1 HTTP/1.1" 500 18745
127.0.0.1 - rodrigodinis [09/Apr/2021:02:15:15 +0000] "PUT /manager/text/deploy?path=%2Frememberthename&update=true HTTP/1.1" 200 72
0:0:0:0:0:0:0:1 - - [09/Apr/2021:02:15:20 +0000] "GET /rememberthename/api/customer/1 HTTP/1.1" 500 9165
127.0.0.1 - rodrigodinis [09/Apr/2021:02:15:52 +0000] "PUT /manager/text/deploy?path=%2Frememberthename&update=true HTTP/1.1" 200 72
0:0:0:0:0:0:0:1 - - [09/Apr/2021:02:15:55 +0000] "GET /rememberthename/api/customer/1 HTTP/1.1" 500 10005
127.0.0.1 - rodrigodinis [09/Apr/2021:02:16:26 +0000] "PUT /manager/text/deploy?path=%2Frememberthename&update=true HTTP/1.1" 200 72
0:0:0:0:0:0:0:1 - - [09/Apr/2021:02:16:35 +0000] "GET /rememberthename/api/customer/1 HTTP/1.1" 500 13988
0:0:0:0:0:0:0:1 - - [09/Apr/2021:02:17:02 +0000] "GET / HTTP/1.1" 200 11156
0:0:0:0:0:0:0:1 - rodrigodinis [09/Apr/2021:02:17:03 +0000] "GET /manager/html HTTP/1.1" 200 25460
0:0:0:0:0:0:0:1 - rodrigodinis [09/Apr/2021:02:17:09 +0000] "POST /manager/html/undeploy?path=/javabank5&org.apache.catalina.filters.CSRF_NONCE=3F89EBBA42D91BE32AB71CD2A67A2FFA HTTP/1.1" 200 23676
0:0:0:0:0:0:0:1 - rodrigodinis [09/Apr/2021:02:17:11 +0000] "POST /manager/html/undeploy?path=/javabank4&org.apache.catalina.filters.CSRF_NONCE=6C04504A6CCB686722E1F8A634851269 HTTP/1.1" 200 21840
0:0:0:0:0:0:0:1 - rodrigodinis [09/Apr/2021:02:17:13 +0000] "POST /manager/html/undeploy?path=/javabank2&org.apache.catalina.filters.CSRF_NONCE=F23089CE8C0AD3D48924E932DAC8BC6C HTTP/1.1" 200 20003
0:0:0:0:0:0:0:1 - - [09/Apr/2021:02:17:29 +0000] "GET /rememberthename/ HTTP/1.1" 404 771
127.0.0.1 - rodrigodinis [09/Apr/2021:02:17:42 +0000] "PUT /manager/text/deploy?path=%2Frememberthename&update=true HTTP/1.1" 200 72
0:0:0:0:0:0:0:1 - - [09/Apr/2021:02:17:50 +0000] "GET /rememberthename/api/customer/1 HTTP/1.1" 404 -
127.0.0.1 - rodrigodinis [09/Apr/2021:02:21:23 +0000] "PUT /manager/text/deploy?path=%2Frememberthename&update=true HTTP/1.1" 200 72
0:0:0:0:0:0:0:1 - - [09/Apr/2021:02:21:32 +0000] "GET /rememberthename/api/customer/ HTTP/1.1" 200 12
0:0:0:0:0:0:0:1 - - [09/Apr/2021:02:21:36 +0000] "GET /rememberthename/api/customer HTTP/1.1" 200 12
0:0:0:0:0:0:0:1 - - [09/Apr/2021:02:21:39 +0000] "GET /rememberthename/api/customer/1 HTTP/1.1" 404 -
127.0.0.1 - rodrigodinis [09/Apr/2021:02:22:28 +0000] "PUT /manager/text/deploy?path=%2Frememberthename&update=true HTTP/1.1" 200 72
0:0:0:0:0:0:0:1 - - [09/Apr/2021:02:22:35 +0000] "GET /rememberthename/api/customer/1 HTTP/1.1" 404 -
0:0:0:0:0:0:0:1 - - [09/Apr/2021:02:22:41 +0000] "GET /rememberthename/api/customer HTTP/1.1" 200 12
127.0.0.1 - rodrigodinis [09/Apr/2021:02:23:36 +0000] "PUT /manager/text/deploy?path=%2Frememberthename&update=true HTTP/1.1" 200 72
0:0:0:0:0:0:0:1 - - [09/Apr/2021:02:23:42 +0000] "GET /rememberthename/api/customer HTTP/1.1" 200 130
0:0:0:0:0:0:0:1 - - [09/Apr/2021:02:23:46 +0000] "GET /rememberthename/api/customer/1 HTTP/1.1" 200 128
0:0:0:0:0:0:0:1 - - [09/Apr/2021:02:24:50 +0000] "GET /rememberthename/api/customers/ HTTP/1.1" 404 793
0:0:0:0:0:0:0:1 - - [09/Apr/2021:02:24:55 +0000] "GET /rememberthename/api/customers HTTP/1.1" 404 788
0:0:0:0:0:0:0:1 - - [09/Apr/2021:02:25:01 +0000] "GET /rememberthename/api/customers/1 HTTP/1.1" 404 794
127.0.0.1 - rodrigodinis [09/Apr/2021:02:25:12 +0000] "PUT /manager/text/deploy?path=%2Frememberthename&update=true HTTP/1.1" 200 72
0:0:0:0:0:0:0:1 - - [09/Apr/2021:02:25:19 +0000] "GET /rememberthename/api/customers/1 HTTP/1.1" 404 794
0:0:0:0:0:0:0:1 - - [09/Apr/2021:02:25:55 +0000] "GET /rememberthename/api/customer/1 HTTP/1.1" 200 128
0:0:0:0:0:0:0:1 - - [09/Apr/2021:02:26:37 +0000] "POST /rememberthename/api/customer/ HTTP/1.1" 201 -
0:0:0:0:0:0:0:1 - - [09/Apr/2021:02:27:07 +0000] "GET /rememberthename/api/customer HTTP/1.1" 200 247
0:0:0:0:0:0:0:1 - - [09/Apr/2021:02:27:35 +0000] "DELETE /rememberthename/api/customer/1 HTTP/1.1" 204 -
0:0:0:0:0:0:0:1 - - [09/Apr/2021:02:27:41 +0000] "GET /rememberthename/api/customer HTTP/1.1" 200 129
0:0:0:0:0:0:0:1 - - [09/Apr/2021:02:43:53 +0000] "OPTIONS /javabank5/api/customer HTTP/1.1" 200 -
0:0:0:0:0:0:0:1 - - [09/Apr/2021:02:43:56 +0000] "OPTIONS /javabank5/api/customer HTTP/1.1" 200 -
127.0.0.1 - rodrigodinis [09/Apr/2021:02:45:43 +0000] "PUT /manager/text/deploy?path=%2Frememberthename&update=true HTTP/1.1" 200 72
0:0:0:0:0:0:0:1 - - [09/Apr/2021:02:45:55 +0000] "OPTIONS /rememberthename/api/customer/ HTTP/1.1" 200 -
0:0:0:0:0:0:0:1 - - [09/Apr/2021:02:45:55 +0000] "POST /rememberthename/api/customer/ HTTP/1.1" 201 -
0:0:0:0:0:0:0:1 - - [09/Apr/2021:02:45:56 +0000] "GET /javabank5/api/customer HTTP/1.1" 404 781
0:0:0:0:0:0:0:1 - - [09/Apr/2021:02:47:13 +0000] "GET /rememberthename/api/customer HTTP/1.1" 200 255
127.0.0.1 - rodrigodinis [09/Apr/2021:02:47:43 +0000] "PUT /manager/text/deploy?path=%2Frememberthename&update=true HTTP/1.1" 200 72
0:0:0:0:0:0:0:1 - - [09/Apr/2021:02:48:37 +0000] "GET /rememberthename/api/customer HTTP/1.1" 200 130
0:0:0:0:0:0:0:1 - - [09/Apr/2021:02:48:49 +0000] "POST /rememberthename/api/customer/ HTTP/1.1" 201 -
0:0:0:0:0:0:0:1 - - [09/Apr/2021:02:48:49 +0000] "GET /rememberthename/api/customer HTTP/1.1" 200 253
0:0:0:0:0:0:0:1 - - [09/Apr/2021:02:48:59 +0000] "GET /rememberthename/api/customer HTTP/1.1" 200 253
0:0:0:0:0:0:0:1 - - [09/Apr/2021:02:49:41 +0000] "GET /rememberthename/api/customer HTTP/1.1" 200 253
127.0.0.1 - rodrigodinis [09/Apr/2021:02:50:27 +0000] "PUT /manager/text/deploy?path=%2Frememberthename&update=true HTTP/1.1" 200 72
0:0:0:0:0:0:0:1 - - [09/Apr/2021:02:50:54 +0000] "POST /rememberthename/api/customer/ HTTP/1.1" 201 -
0:0:0:0:0:0:0:1 - - [09/Apr/2021:02:50:54 +0000] "GET /rememberthename/api/customer HTTP/1.1" 200 252
127.0.0.1 - rodrigodinis [09/Apr/2021:02:53:28 +0000] "PUT /manager/text/deploy?path=%2Frememberthename&update=true HTTP/1.1" 200 72
0:0:0:0:0:0:0:1 - - [09/Apr/2021:02:53:45 +0000] "POST /rememberthename/api/customer/ HTTP/1.1" 201 -
0:0:0:0:0:0:0:1 - - [09/Apr/2021:02:53:45 +0000] "GET /rememberthename/api/customer HTTP/1.1" 200 255
0:0:0:0:0:0:0:1 - - [09/Apr/2021:02:53:55 +0000] "GET /rememberthename/api/customer HTTP/1.1" 200 255
127.0.0.1 - rodrigodinis [09/Apr/2021:02:59:46 +0000] "PUT /manager/text/deploy?path=%2Frememberthename&update=true HTTP/1.1" 200 72
0:0:0:0:0:0:0:1 - - [09/Apr/2021:03:00:06 +0000] "POST /rememberthename/api/customer/ HTTP/1.1" 201 -
0:0:0:0:0:0:0:1 - - [09/Apr/2021:03:00:06 +0000] "GET /rememberthename/api/customer HTTP/1.1" 200 255
127.0.0.1 - rodrigodinis [09/Apr/2021:03:02:41 +0000] "PUT /manager/text/deploy?path=%2Frememberthename&update=true HTTP/1.1" 200 72
0:0:0:0:0:0:0:1 - - [09/Apr/2021:03:02:50 +0000] "GET /rememberthename/api/customer HTTP/1.1" 200 130
127.0.0.1 - rodrigodinis [09/Apr/2021:03:04:15 +0000] "PUT /manager/text/deploy?path=%2Frememberthename&update=true HTTP/1.1" 200 72
0:0:0:0:0:0:0:1 - - [09/Apr/2021:03:04:24 +0000] "GET /rememberthename/api/customer HTTP/1.1" 200 130
127.0.0.1 - rodrigodinis [09/Apr/2021:03:04:42 +0000] "PUT /manager/text/deploy?path=%2Frememberthename&update=true HTTP/1.1" 200 72
0:0:0:0:0:0:0:1 - - [09/Apr/2021:03:04:45 +0000] "GET /rememberthename/api/customer HTTP/1.1" 200 130
0:0:0:0:0:0:0:1 - - [09/Apr/2021:03:04:55 +0000] "GET /rememberthename/api/customer/1 HTTP/1.1" 200 128
127.0.0.1 - rodrigodinis [09/Apr/2021:03:06:39 +0000] "PUT /manager/text/deploy?path=%2Frememberthename&update=true HTTP/1.1" 200 72
127.0.0.1 - rodrigodinis [09/Apr/2021:03:08:08 +0000] "PUT /manager/text/deploy?path=%2Frememberthename&update=true HTTP/1.1" 200 72
127.0.0.1 - rodrigodinis [09/Apr/2021:03:09:47 +0000] "PUT /manager/text/deploy?path=%2Frememberthename&update=true HTTP/1.1" 200 72
0:0:0:0:0:0:0:1 - - [09/Apr/2021:03:09:53 +0000] "GET /rememberthename/api/customer HTTP/1.1" 200 130
127.0.0.1 - rodrigodinis [09/Apr/2021:03:16:43 +0000] "PUT /manager/text/deploy?path=%2Frememberthename&update=true HTTP/1.1" 200 72
0:0:0:0:0:0:0:1 - - [09/Apr/2021:03:16:49 +0000] "GET /rememberthename/api/customer HTTP/1.1" 200 130
127.0.0.1 - rodrigodinis [09/Apr/2021:03:18:43 +0000] "PUT /manager/text/deploy?path=%2Frememberthename&update=true HTTP/1.1" 200 72
0:0:0:0:0:0:0:1 - - [09/Apr/2021:03:18:50 +0000] "GET /rememberthename/api/customer HTTP/1.1" 200 130
0:0:0:0:0:0:0:1 - - [09/Apr/2021:03:18:50 +0000] "GET /rememberthename/api/customer HTTP/1.1" 200 130
0:0:0:0:0:0:0:1 - - [09/Apr/2021:03:19:11 +0000] "GET /rememberthename/api/customer HTTP/1.1" 200 130
127.0.0.1 - rodrigodinis [09/Apr/2021:03:19:20 +0000] "PUT /manager/text/deploy?path=%2Frememberthename&update=true HTTP/1.1" 200 72
0:0:0:0:0:0:0:1 - - [09/Apr/2021:03:19:23 +0000] "GET /rememberthename/api/customer HTTP/1.1" 200 130
0:0:0:0:0:0:0:1 - - [09/Apr/2021:03:20:28 +0000] "GET /rememberthename/api/customer HTTP/1.1" 200 130
127.0.0.1 - rodrigodinis [09/Apr/2021:03:21:14 +0000] "PUT /manager/text/deploy?path=%2Frememberthename&update=true HTTP/1.1" 200 72
0:0:0:0:0:0:0:1 - - [09/Apr/2021:03:21:22 +0000] "GET /rememberthename/api/customer HTTP/1.1" 200 130
0:0:0:0:0:0:0:1 - - [09/Apr/2021:03:21:22 +0000] "GET /rememberthename/api/customer HTTP/1.1" 200 130
0:0:0:0:0:0:0:1 - - [09/Apr/2021:03:22:15 +0000] "GET /rememberthename/api/customer HTTP/1.1" 200 130
0:0:0:0:0:0:0:1 - - [09/Apr/2021:03:22:16 +0000] "GET /rememberthename/api/customer HTTP/1.1" 200 130
127.0.0.1 - rodrigodinis [09/Apr/2021:03:24:15 +0000] "PUT /manager/text/deploy?path=%2Frememberthename&update=true HTTP/1.1" 200 72
0:0:0:0:0:0:0:1 - - [09/Apr/2021:03:24:22 +0000] "GET /rememberthename/api/customer HTTP/1.1" 200 130
0:0:0:0:0:0:0:1 - - [09/Apr/2021:03:24:22 +0000] "GET /rememberthename/api/customer HTTP/1.1" 200 130
0:0:0:0:0:0:0:1 - - [09/Apr/2021:03:24:23 +0000] "GET /rememberthename/api/customer HTTP/1.1" 200 130
127.0.0.1 - rodrigodinis [09/Apr/2021:03:25:03 +0000] "PUT /manager/text/deploy?path=%2Frememberthename&update=true HTTP/1.1" 200 72
0:0:0:0:0:0:0:1 - - [09/Apr/2021:03:25:11 +0000] "GET /rememberthename/api/customer HTTP/1.1" 500 10636
0:0:0:0:0:0:0:1 - - [09/Apr/2021:03:25:11 +0000] "GET /rememberthename/api/customer HTTP/1.1" 500 10636
0:0:0:0:0:0:0:1 - - [09/Apr/2021:03:25:11 +0000] "GET /rememberthename/api/customer HTTP/1.1" 500 10636
0:0:0:0:0:0:0:1 - - [09/Apr/2021:03:25:16 +0000] "GET /rememberthename/api/customer HTTP/1.1" 500 10636
0:0:0:0:0:0:0:1 - - [09/Apr/2021:03:25:37 +0000] "GET /rememberthename/api/customer HTTP/1.1" 500 10636
127.0.0.1 - rodrigodinis [09/Apr/2021:03:25:55 +0000] "PUT /manager/text/deploy?path=%2Frememberthename&update=true HTTP/1.1" 200 72
0:0:0:0:0:0:0:1 - - [09/Apr/2021:03:26:24 +0000] "GET /rememberthename/api/customer HTTP/1.1" 200 130
0:0:0:0:0:0:0:1 - - [09/Apr/2021:03:26:28 +0000] "GET /rememberthename/api/customer HTTP/1.1" 200 130
0:0:0:0:0:0:0:1 - - [09/Apr/2021:03:27:14 +0000] "GET /rememberthename/api/customer HTTP/1.1" 200 130
127.0.0.1 - rodrigodinis [09/Apr/2021:03:30:26 +0000] "PUT /manager/text/deploy?path=%2Frememberthename&update=true HTTP/1.1" 200 72
0:0:0:0:0:0:0:1 - - [09/Apr/2021:03:30:33 +0000] "GET /rememberthename/api/customer HTTP/1.1" 200 130
0:0:0:0:0:0:0:1 - - [09/Apr/2021:03:30:33 +0000] "GET /rememberthename/api/customer HTTP/1.1" 200 130
127.0.0.1 - rodrigodinis [09/Apr/2021:03:30:53 +0000] "PUT /manager/text/deploy?path=%2Frememberthename&update=true HTTP/1.1" 200 72
0:0:0:0:0:0:0:1 - - [09/Apr/2021:03:31:06 +0000] "GET /rememberthename/api/customer HTTP/1.1" 200 130
0:0:0:0:0:0:0:1 - - [09/Apr/2021:03:33:28 +0000] "GET /rememberthename/api/customer HTTP/1.1" 200 130
0:0:0:0:0:0:0:1 - - [09/Apr/2021:03:33:32 +0000] "GET /rememberthename/api/customer HTTP/1.1" 200 130
0:0:0:0:0:0:0:1 - - [09/Apr/2021:03:33:38 +0000] "GET /rememberthename/api/customer HTTP/1.1" 200 130
0:0:0:0:0:0:0:1 - - [09/Apr/2021:03:33:45 +0000] "GET /rememberthename/api/customer HTTP/1.1" 200 130
0:0:0:0:0:0:0:1 - - [09/Apr/2021:03:34:10 +0000] "OPTIONS /rememberthename/api/customer/ HTTP/1.1" 200 -
0:0:0:0:0:0:0:1 - - [09/Apr/2021:03:34:10 +0000] "POST /rememberthename/api/customer/ HTTP/1.1" 201 -
0:0:0:0:0:0:0:1 - - [09/Apr/2021:03:34:10 +0000] "GET /rememberthename/api/customer HTTP/1.1" 200 255
0:0:0:0:0:0:0:1 - - [09/Apr/2021:03:34:31 +0000] "GET /rememberthename/api/customer HTTP/1.1" 200 255
127.0.0.1 - rodrigodinis [09/Apr/2021:03:38:44 +0000] "PUT /manager/text/deploy?path=%2Frememberthename&update=true HTTP/1.1" 200 72
0:0:0:0:0:0:0:1 - - [09/Apr/2021:03:38:55 +0000] "GET /rememberthename/api/customer HTTP/1.1" 200 254
0:0:0:0:0:0:0:1 - - [09/Apr/2021:03:39:22 +0000] "GET /rememberthename/api/customer HTTP/1.1" 200 254
127.0.0.1 - rodrigodinis [09/Apr/2021:03:39:44 +0000] "PUT /manager/text/deploy?path=%2Frememberthename&update=true HTTP/1.1" 200 72
127.0.0.1 - rodrigodinis [09/Apr/2021:03:40:07 +0000] "PUT /manager/text/deploy?path=%2Frememberthename&update=true HTTP/1.1" 200 72
0:0:0:0:0:0:0:1 - - [09/Apr/2021:03:40:12 +0000] "GET /rememberthename/api/customer HTTP/1.1" 200 254
0:0:0:0:0:0:0:1 - - [09/Apr/2021:03:40:13 +0000] "GET /rememberthename/api/customer HTTP/1.1" 200 254
127.0.0.1 - rodrigodinis [09/Apr/2021:03:50:38 +0000] "PUT /manager/text/deploy?path=%2Frememberthename&update=true HTTP/1.1" 200 72
0:0:0:0:0:0:0:1 - - [09/Apr/2021:03:50:49 +0000] "GET /rememberthename/api/customer HTTP/1.1" 500 22550
0:0:0:0:0:0:0:1 - - [09/Apr/2021:03:50:57 +0000] "GET /rememberthename/api/customer/1 HTTP/1.1" 500 22550
127.0.0.1 - rodrigodinis [09/Apr/2021:04:05:26 +0000] "PUT /manager/text/deploy?path=%2Frememberthename&update=true HTTP/1.1" 200 72
0:0:0:0:0:0:0:1 - - [09/Apr/2021:04:05:38 +0000] "GET /rememberthename/api/customer/1 HTTP/1.1" 200 130
127.0.0.1 - rodrigodinis [09/Apr/2021:04:06:13 +0000] "PUT /manager/text/deploy?path=%2Frememberthename&update=true HTTP/1.1" 200 72
0:0:0:0:0:0:0:1 - - [09/Apr/2021:04:06:20 +0000] "GET /rememberthename/api/customer/1 HTTP/1.1" 200 130
0:0:0:0:0:0:0:1 - - [09/Apr/2021:04:06:34 +0000] "GET /rememberthename/api/customer/1/reservation HTTP/1.1" 405 749
0:0:0:0:0:0:0:1 - - [09/Apr/2021:04:06:43 +0000] "GET /rememberthename/api/customer/1/reservation/1 HTTP/1.1" 404 815
0:0:0:0:0:0:0:1 - - [09/Apr/2021:04:06:57 +0000] "GET /rememberthename/api/customer/1/reservations/1 HTTP/1.1" 404 -
0:0:0:0:0:0:0:1 - - [09/Apr/2021:04:07:16 +0000] "GET /rememberthename/api/customer/1/reservations HTTP/1.1" 200 12
127.0.0.1 - rodrigodinis [09/Apr/2021:04:07:56 +0000] "PUT /manager/text/deploy?path=%2Frememberthename&update=true HTTP/1.1" 200 72
0:0:0:0:0:0:0:1 - - [09/Apr/2021:04:08:02 +0000] "GET /rememberthename/api/customer/1/reservation HTTP/1.1" 500 22579
127.0.0.1 - rodrigodinis [09/Apr/2021:04:08:49 +0000] "PUT /manager/text/deploy?path=%2Frememberthename&update=true HTTP/1.1" 200 72
0:0:0:0:0:0:0:1 - - [09/Apr/2021:04:08:55 +0000] "GET /rememberthename/api/customer/1/reservation HTTP/1.1" 500 22583
127.0.0.1 - rodrigodinis [09/Apr/2021:04:10:31 +0000] "PUT /manager/text/deploy?path=%2Frememberthename&update=true HTTP/1.1" 200 72
0:0:0:0:0:0:0:1 - - [09/Apr/2021:04:10:37 +0000] "GET /rememberthename/api/customer/1/reservation HTTP/1.1" 500 22583
0:0:0:0:0:0:0:1 - - [09/Apr/2021:04:11:20 +0000] "GET /rememberthename/api/customer HTTP/1.1" 500 22583
0:0:0:0:0:0:0:1 - - [09/Apr/2021:04:11:26 +0000] "GET /rememberthename/api/customer/1 HTTP/1.1" 500 22583
127.0.0.1 - rodrigodinis [09/Apr/2021:04:12:02 +0000] "PUT /manager/text/deploy?path=%2Frememberthename&update=true HTTP/1.1" 200 72
0:0:0:0:0:0:0:1 - - [09/Apr/2021:04:12:06 +0000] "GET /rememberthename/api/customer/1 HTTP/1.1" 200 130
127.0.0.1 - rodrigodinis [09/Apr/2021:04:15:29 +0000] "PUT /manager/text/deploy?path=%2Frememberthename&update=true HTTP/1.1" 200 72
0:0:0:0:0:0:0:1 - - [09/Apr/2021:04:15:34 +0000] "POST /rememberthename/api/customer HTTP/1.1" 201 -
0:0:0:0:0:0:0:1 - - [09/Apr/2021:04:15:45 +0000] "GET /rememberthename/api/customer HTTP/1.1" 200 302
0:0:0:0:0:0:0:1 - - [09/Apr/2021:04:16:48 +0000] "POST /rememberthename/api/customer HTTP/1.1" 400 762
0:0:0:0:0:0:0:1 - - [09/Apr/2021:04:17:44 +0000] "POST /rememberthename/api/customer HTTP/1.1" 400 762
0:0:0:0:0:0:0:1 - - [09/Apr/2021:04:18:03 +0000] "GET /rememberthename/api/customer HTTP/1.1" 200 302
127.0.0.1 - rodrigodinis [09/Apr/2021:04:22:32 +0000] "PUT /manager/text/deploy?path=%2Frememberthename&update=true HTTP/1.1" 200 72
0:0:0:0:0:0:0:1 - - [09/Apr/2021:04:22:40 +0000] "GET /rememberthename/api/customer HTTP/1.1" 200 174
0:0:0:0:0:0:0:1 - - [09/Apr/2021:04:23:04 +0000] "POST /rememberthename/api/customer HTTP/1.1" 201 -
0:0:0:0:0:0:0:1 - - [09/Apr/2021:04:23:07 +0000] "GET /rememberthename/api/customer HTTP/1.1" 200 329
0:0:0:0:0:0:0:1 - - [09/Apr/2021:04:33:36 +0000] "OPTIONS /rememberthename/api/customer/ HTTP/1.1" 200 -
0:0:0:0:0:0:0:1 - - [09/Apr/2021:04:33:36 +0000] "POST /rememberthename/api/customer/ HTTP/1.1" 201 -
0:0:0:0:0:0:0:1 - - [09/Apr/2021:04:33:46 +0000] "GET /rememberthename/api/customer HTTP/1.1" 200 459
0:0:0:0:0:0:0:1 - - [09/Apr/2021:04:43:07 +0000] "GET /rememberthename/api/customer HTTP/1.1" 200 459
0:0:0:0:0:0:0:1 - - [09/Apr/2021:04:43:45 +0000] "GET /rememberthename/api/customer HTTP/1.1" 200 459
0:0:0:0:0:0:0:1 - - [09/Apr/2021:04:43:51 +0000] "GET /rememberthename/api/customer HTTP/1.1" 200 459
0:0:0:0:0:0:0:1 - - [09/Apr/2021:04:43:52 +0000] "GET /rememberthename/api/customer HTTP/1.1" 200 459
0:0:0:0:0:0:0:1 - - [09/Apr/2021:04:47:31 +0000] "OPTIONS /rememberthename/api/customer/ HTTP/1.1" 200 -
0:0:0:0:0:0:0:1 - - [09/Apr/2021:04:47:31 +0000] "POST /rememberthename/api/customer/ HTTP/1.1" 201 -
0:0:0:0:0:0:0:1 - - [09/Apr/2021:04:47:51 +0000] "GET /rememberthename/api/customer HTTP/1.1" 200 590
0:0:0:0:0:0:0:1 - - [09/Apr/2021:04:48:27 +0000] "OPTIONS /rememberthename/api/customer/ HTTP/1.1" 200 -
0:0:0:0:0:0:0:1 - - [09/Apr/2021:04:48:27 +0000] "POST /rememberthename/api/customer/ HTTP/1.1" 201 -
0:0:0:0:0:0:0:1 - - [09/Apr/2021:04:48:57 +0000] "OPTIONS /rememberthename/api/customer/ HTTP/1.1" 200 -
0:0:0:0:0:0:0:1 - - [09/Apr/2021:04:48:57 +0000] "POST /rememberthename/api/customer/ HTTP/1.1" 201 -
0:0:0:0:0:0:0:1 - - [09/Apr/2021:04:49:53 +0000] "OPTIONS /rememberthename/api/customer/ HTTP/1.1" 200 -
0:0:0:0:0:0:0:1 - - [09/Apr/2021:04:49:53 +0000] "POST /rememberthename/api/customer/ HTTP/1.1" 201 -
0:0:0:0:0:0:0:1 - - [09/Apr/2021:04:51:52 +0000] "OPTIONS /rememberthename/api/customer/ HTTP/1.1" 200 -
0:0:0:0:0:0:0:1 - - [09/Apr/2021:04:51:52 +0000] "POST /rememberthename/api/customer/ HTTP/1.1" 201 -
0:0:0:0:0:0:0:1 - - [09/Apr/2021:04:52:03 +0000] "GET /rememberthename/api/customer HTTP/1.1" 200 1150
0:0:0:0:0:0:0:1 - - [09/Apr/2021:04:55:16 +0000] "GET /rememberthename/api/customer HTTP/1.1" 200 1150
0:0:0:0:0:0:0:1 - - [09/Apr/2021:04:59:02 +0000] "GET /rememberthename/api/customer HTTP/1.1" 200 1150
192.168.1.137 - - [09/Apr/2021:05:00:09 +0000] "GET /rememberthename/api/customer HTTP/1.1" 200 1150
192.168.1.137 - - [09/Apr/2021:05:00:09 +0000] "GET /favicon.ico HTTP/1.1" 200 21630
192.168.1.137 - - [09/Apr/2021:05:01:00 +0000] "OPTIONS /rememberthename/api/customer/ HTTP/1.1" 200 -
192.168.1.137 - - [09/Apr/2021:05:01:00 +0000] "POST /rememberthename/api/customer/ HTTP/1.1" 201 -
0:0:0:0:0:0:0:1 - - [09/Apr/2021:05:01:07 +0000] "GET /rememberthename/api/customer HTTP/1.1" 200 1306
192.168.1.137 - - [09/Apr/2021:05:26:43 +0000] "OPTIONS /rememberthename/api/customer/ HTTP/1.1" 200 -
192.168.1.137 - - [09/Apr/2021:05:26:43 +0000] "POST /rememberthename/api/customer/ HTTP/1.1" 201 -
192.168.1.137 - - [09/Apr/2021:05:32:32 +0000] "GET /rememberthename/api/customer/ HTTP/1.1" 200 1440
192.168.1.137 - - [09/Apr/2021:05:32:59 +0000] "GET /rememberthename/api/customer/ HTTP/1.1" 200 1440
192.168.1.137 - - [09/Apr/2021:05:34:08 +0000] "GET /rememberthename/api/customer/ HTTP/1.1" 200 1440
192.168.1.137 - - [09/Apr/2021:05:34:26 +0000] "GET /rememberthename/api/customer/ HTTP/1.1" 200 1440
192.168.1.137 - - [09/Apr/2021:05:35:13 +0000] "GET /rememberthename/api/customer/ HTTP/1.1" 200 1440
192.168.1.137 - - [09/Apr/2021:05:36:52 +0000] "GET /rememberthename/api/customer/ HTTP/1.1" 200 1440
192.168.1.137 - - [09/Apr/2021:05:36:55 +0000] "GET /rememberthename/api/customer/ HTTP/1.1" 200 1440
192.168.1.137 - - [09/Apr/2021:05:37:12 +0000] "GET /rememberthename/api/customer/ HTTP/1.1" 200 1440
192.168.1.137 - - [09/Apr/2021:05:37:27 +0000] "GET /rememberthename/api/customer/ HTTP/1.1" 200 1440
192.168.1.137 - - [09/Apr/2021:05:38:04 +0000] "GET /rememberthename/api/customer/ HTTP/1.1" 200 1440
192.168.1.137 - - [09/Apr/2021:05:38:19 +0000] "GET /rememberthename/api/customer/ HTTP/1.1" 200 1440
192.168.1.137 - - [09/Apr/2021:05:38:32 +0000] "GET /rememberthename/api/customer/ HTTP/1.1" 200 1440
192.168.1.137 - - [09/Apr/2021:05:39:44 +0000] "GET /rememberthename/api/customer/ HTTP/1.1" 200 1440
192.168.1.137 - - [09/Apr/2021:05:39:57 +0000] "GET /rememberthename/api/customer/ HTTP/1.1" 200 1440
192.168.1.137 - - [09/Apr/2021:05:40:09 +0000] "GET /rememberthename/api/customer/ HTTP/1.1" 200 1440
192.168.1.137 - - [09/Apr/2021:05:40:22 +0000] "GET /rememberthename/api/customer/ HTTP/1.1" 200 1440
192.168.1.137 - - [09/Apr/2021:05:40:41 +0000] "GET /rememberthename/api/customer/ HTTP/1.1" 200 1440
192.168.1.137 - - [09/Apr/2021:05:41:04 +0000] "GET /rememberthename/api/customer/ HTTP/1.1" 200 1440
192.168.1.137 - - [09/Apr/2021:05:41:11 +0000] "GET /rememberthename/api/customer/ HTTP/1.1" 200 1440
192.168.1.137 - - [09/Apr/2021:05:47:05 +0000] "GET /rememberthename/api/customer/ HTTP/1.1" 200 1440
192.168.1.137 - - [09/Apr/2021:06:00:21 +0000] "GET /rememberthename/api/customer/ HTTP/1.1" 200 1440
127.0.0.1 - rodrigodinis [09/Apr/2021:06:14:57 +0000] "PUT /manager/text/deploy?path=%2Frememberthename&update=true HTTP/1.1" 200 72
0:0:0:0:0:0:0:1 - - [09/Apr/2021:06:16:35 +0000] "GET /rememberthename/api/customer HTTP/1.1" 200 195
0:0:0:0:0:0:0:1 - - [09/Apr/2021:06:17:42 +0000] "OPTIONS /rememberthename/api/customer/ HTTP/1.1" 200 -
0:0:0:0:0:0:0:1 - - [09/Apr/2021:06:17:42 +0000] "POST /rememberthename/api/customer/ HTTP/1.1" 201 -
0:0:0:0:0:0:0:1 - - [09/Apr/2021:06:22:44 +0000] "OPTIONS /rememberthename/api/customer/ HTTP/1.1" 200 -
0:0:0:0:0:0:0:1 - - [09/Apr/2021:06:22:44 +0000] "POST /rememberthename/api/customer/ HTTP/1.1" 201 -
0:0:0:0:0:0:0:1 - - [09/Apr/2021:06:22:49 +0000] "GET /rememberthename/api/customer HTTP/1.1" 200 501
0:0:0:0:0:0:0:1 - - [09/Apr/2021:06:24:09 +0000] "GET /rememberthename/api/customer HTTP/1.1" 200 501
0:0:0:0:0:0:0:1 - - [09/Apr/2021:06:24:29 +0000] "OPTIONS /rememberthename/api/customer/ HTTP/1.1" 200 -
0:0:0:0:0:0:0:1 - - [09/Apr/2021:06:24:29 +0000] "POST /rememberthename/api/customer/ HTTP/1.1" 201 -
0:0:0:0:0:0:0:1 - - [09/Apr/2021:06:24:33 +0000] "GET /rememberthename/api/customer HTTP/1.1" 200 664
127.0.0.1 - rodrigodinis [09/Apr/2021:06:25:47 +0000] "PUT /manager/text/deploy?path=%2Frememberthename&update=true HTTP/1.1" 200 72
0:0:0:0:0:0:0:1 - - [09/Apr/2021:06:26:29 +0000] "OPTIONS /rememberthename/api/customer/ HTTP/1.1" 200 -
0:0:0:0:0:0:0:1 - - [09/Apr/2021:06:26:29 +0000] "OPTIONS /rememberthename/api/customer/ HTTP/1.1" 200 -
0:0:0:0:0:0:0:1 - - [09/Apr/2021:06:26:29 +0000] "OPTIONS /rememberthename/api/customer/ HTTP/1.1" 200 -
0:0:0:0:0:0:0:1 - - [09/Apr/2021:06:26:29 +0000] "OPTIONS /rememberthename/api/customer/ HTTP/1.1" 200 -
0:0:0:0:0:0:0:1 - - [09/Apr/2021:06:26:29 +0000] "POST /rememberthename/api/customer/ HTTP/1.1" 201 -
0:0:0:0:0:0:0:1 - - [09/Apr/2021:06:26:29 +0000] "POST /rememberthename/api/customer/ HTTP/1.1" 201 -
0:0:0:0:0:0:0:1 - - [09/Apr/2021:06:26:29 +0000] "POST /rememberthename/api/customer/ HTTP/1.1" 201 -
0:0:0:0:0:0:0:1 - - [09/Apr/2021:06:26:29 +0000] "POST /rememberthename/api/customer/ HTTP/1.1" 201 -
0:0:0:0:0:0:0:1 - - [09/Apr/2021:06:26:34 +0000] "GET /rememberthename/api/customer HTTP/1.1" 200 354
127.0.0.1 - rodrigodinis [09/Apr/2021:06:27:37 +0000] "PUT /manager/text/deploy?path=%2Frememberthename&update=true HTTP/1.1" 200 72
0:0:0:0:0:0:0:1 - - [09/Apr/2021:06:27:53 +0000] "OPTIONS /rememberthename/api/customer/ HTTP/1.1" 200 -
0:0:0:0:0:0:0:1 - - [09/Apr/2021:06:27:53 +0000] "POST /rememberthename/api/customer/ HTTP/1.1" 201 -
0:0:0:0:0:0:0:1 - - [09/Apr/2021:06:27:56 +0000] "GET /rememberthename/api/customer HTTP/1.1" 200 357
192.168.1.137 - - [09/Apr/2021:06:29:16 +0000] "GET /rememberthename/api/customer/ HTTP/1.1" 200 357
127.0.0.1 - rodrigodinis [09/Apr/2021:06:29:49 +0000] "PUT /manager/text/deploy?path=%2Frememberthename&update=true HTTP/1.1" 200 72
0:0:0:0:0:0:0:1 - - [09/Apr/2021:06:30:18 +0000] "OPTIONS /rememberthename/api/customer/ HTTP/1.1" 200 -
0:0:0:0:0:0:0:1 - - [09/Apr/2021:06:30:18 +0000] "POST /rememberthename/api/customer/ HTTP/1.1" 201 -
0:0:0:0:0:0:0:1 - - [09/Apr/2021:06:30:20 +0000] "GET /rememberthename/api/customer HTTP/1.1" 200 360
127.0.0.1 - rodrigodinis [09/Apr/2021:06:31:12 +0000] "PUT /manager/text/deploy?path=%2Frememberthename&update=true HTTP/1.1" 200 72
0:0:0:0:0:0:0:1 - - [09/Apr/2021:06:31:25 +0000] "OPTIONS /rememberthename/api/customer/ HTTP/1.1" 200 -
0:0:0:0:0:0:0:1 - - [09/Apr/2021:06:31:25 +0000] "POST /rememberthename/api/customer/ HTTP/1.1" 201 -
0:0:0:0:0:0:0:1 - - [09/Apr/2021:06:31:29 +0000] "GET /rememberthename/api/customer HTTP/1.1" 200 357
127.0.0.1 - rodrigodinis [09/Apr/2021:06:34:05 +0000] "PUT /manager/text/deploy?path=%2Frememberthename&update=true HTTP/1.1" 200 72
192.168.1.137 - - [09/Apr/2021:06:34:20 +0000] "OPTIONS /rememberthename/api/customer/ HTTP/1.1" 200 -
192.168.1.137 - - [09/Apr/2021:06:34:20 +0000] "POST /rememberthename/api/customer/ HTTP/1.1" 201 -
192.168.1.137 - - [09/Apr/2021:06:34:40 +0000] "OPTIONS /rememberthename/api/customer/ HTTP/1.1" 200 -
192.168.1.137 - - [09/Apr/2021:06:34:40 +0000] "POST /rememberthename/api/customer/ HTTP/1.1" 201 -
192.168.1.137 - - [09/Apr/2021:06:34:56 +0000] "OPTIONS /rememberthename/api/customer/ HTTP/1.1" 200 -
192.168.1.137 - - [09/Apr/2021:06:34:56 +0000] "POST /rememberthename/api/customer/ HTTP/1.1" 201 -
127.0.0.1 - rodrigodinis [09/Apr/2021:06:36:11 +0000] "PUT /manager/text/deploy?path=%2Frememberthename&update=true HTTP/1.1" 200 72
192.168.1.137 - - [09/Apr/2021:06:37:36 +0000] "OPTIONS /rememberthename/api/customer/ HTTP/1.1" 200 -
192.168.1.137 - - [09/Apr/2021:06:37:36 +0000] "POST /rememberthename/api/customer/ HTTP/1.1" 201 -
192.168.1.137 - - [09/Apr/2021:06:37:45 +0000] "GET /rememberthename/api/customer/ HTTP/1.1" 200 364
0:0:0:0:0:0:0:1 - - [09/Apr/2021:06:37:46 +0000] "GET /rememberthename/api/customer HTTP/1.1" 200 364
192.168.1.137 - - [09/Apr/2021:06:37:54 +0000] "GET /rememberthename/api/customer/ HTTP/1.1" 200 364
192.168.1.137 - - [09/Apr/2021:06:38:16 +0000] "OPTIONS /rememberthename/api/customer/ HTTP/1.1" 200 -
192.168.1.137 - - [09/Apr/2021:06:38:16 +0000] "POST /rememberthename/api/customer/ HTTP/1.1" 201 -
192.168.1.137 - - [09/Apr/2021:06:38:20 +0000] "GET /rememberthename/api/customer/ HTTP/1.1" 200 528
0:0:0:0:0:0:0:1 - - [09/Apr/2021:06:38:21 +0000] "GET /rememberthename/api/customer HTTP/1.1" 200 528
192.168.1.137 - - [09/Apr/2021:07:05:04 +0000] "OPTIONS /rememberthename/api/customer/ HTTP/1.1" 200 -
192.168.1.137 - - [09/Apr/2021:07:05:04 +0000] "POST /rememberthename/api/customer/ HTTP/1.1" 201 -
192.168.1.108 - - [09/Apr/2021:07:08:44 +0000] "OPTIONS /rememberthename/api/customer/ HTTP/1.1" 200 -
192.168.1.108 - - [09/Apr/2021:07:08:44 +0000] "POST /rememberthename/api/customer/ HTTP/1.1" 201 -
192.168.1.137 - - [09/Apr/2021:07:10:44 +0000] "GET /rememberthename/api/customer/ HTTP/1.1" 200 870
192.168.1.118 - - [09/Apr/2021:07:20:03 +0000] "GET /rememberthename/api/customer/ HTTP/1.1" 200 870
192.168.1.118 - - [09/Apr/2021:07:20:38 +0000] "GET /rememberthename/api/customer/ HTTP/1.1" 200 870
0:0:0:0:0:0:0:1 - - [09/Apr/2021:07:23:40 +0000] "GET / HTTP/1.1" 200 11156
0:0:0:0:0:0:0:1 - - [09/Apr/2021:07:23:50 +0000] "GET /rememberthename HTTP/1.1" 302 -
0:0:0:0:0:0:0:1 - - [09/Apr/2021:07:23:50 +0000] "GET /rememberthename/ HTTP/1.1" 404 771
0:0:0:0:0:0:0:1 - - [09/Apr/2021:07:24:02 +0000] "GET /rememberthename/index.html HTTP/1.1" 404 781
0:0:0:0:0:0:0:1 - - [09/Apr/2021:07:24:36 +0000] "GET /rememberthename/api/customer HTTP/1.1" 200 870
0:0:0:0:0:0:0:1 - - [09/Apr/2021:07:28:43 +0000] "GET / HTTP/1.1" 200 11156
192.168.1.118 - - [09/Apr/2021:07:29:33 +0000] "GET /rememberthename/api/customer/ HTTP/1.1" 200 870
192.168.1.118 - - [09/Apr/2021:07:32:25 +0000] "GET /rememberthename/api/customer/ HTTP/1.1" 200 870
192.168.1.118 - - [09/Apr/2021:07:33:15 +0000] "GET /rememberthename/api/customer/ HTTP/1.1" 200 870
192.168.1.118 - - [09/Apr/2021:07:34:22 +0000] "GET /rememberthename/api/customer/ HTTP/1.1" 200 870
192.168.1.118 - - [09/Apr/2021:07:34:27 +0000] "GET /rememberthename/api/customer/ HTTP/1.1" 200 870
127.0.0.1 - rodrigodinis [09/Apr/2021:07:35:19 +0000] "PUT /manager/text/deploy?path=%2Frememberthename&update=true HTTP/1.1" 200 72
192.168.1.118 - - [09/Apr/2021:07:35:57 +0000] "GET /rememberthename/api/customer/ HTTP/1.1" 200 191
127.0.0.1 - rodrigodinis [09/Apr/2021:07:45:34 +0000] "PUT /manager/text/deploy?path=%2Frememberthename&update=true HTTP/1.1" 200 72
192.168.1.118 - - [09/Apr/2021:07:57:14 +0000] "GET /rememberthename/api/customer/ HTTP/1.1" 200 197
127.0.0.1 - rodrigodinis [09/Apr/2021:08:02:58 +0000] "PUT /manager/text/deploy?path=%2Frememberthename&update=true HTTP/1.1" 200 72
127.0.0.1 - rodrigodinis [09/Apr/2021:08:03:53 +0000] "PUT /manager/text/deploy?path=%2Frememberthename&update=true HTTP/1.1" 200 72
192.168.1.112 - - [09/Apr/2021:08:09:24 +0000] "OPTIONS /rememberthename/api/customer/ HTTP/1.1" 500 16499
192.168.1.112 - - [09/Apr/2021:08:10:36 +0000] "OPTIONS /rememberthename/api/customer/ HTTP/1.1" 500 16499
192.168.1.112 - - [09/Apr/2021:08:10:39 +0000] "OPTIONS /rememberthename/api/customer/ HTTP/1.1" 500 16499
192.168.1.112 - - [09/Apr/2021:08:10:39 +0000] "OPTIONS /rememberthename/api/customer/ HTTP/1.1" 500 16499
192.168.1.112 - - [09/Apr/2021:08:10:40 +0000] "OPTIONS /rememberthename/api/customer/ HTTP/1.1" 500 16499
192.168.1.112 - - [09/Apr/2021:08:10:40 +0000] "OPTIONS /rememberthename/api/customer/ HTTP/1.1" 500 16499
192.168.1.112 - - [09/Apr/2021:08:10:40 +0000] "OPTIONS /rememberthename/api/customer/ HTTP/1.1" 500 16499
192.168.1.112 - - [09/Apr/2021:08:10:41 +0000] "OPTIONS /rememberthename/api/customer/ HTTP/1.1" 500 16499
192.168.1.112 - - [09/Apr/2021:08:10:41 +0000] "OPTIONS /rememberthename/api/customer/ HTTP/1.1" 500 16499
192.168.1.112 - - [09/Apr/2021:08:10:41 +0000] "OPTIONS /rememberthename/api/customer/ HTTP/1.1" 500 16499
192.168.1.112 - - [09/Apr/2021:08:10:42 +0000] "OPTIONS /rememberthename/api/customer/ HTTP/1.1" 500 16499
192.168.1.112 - - [09/Apr/2021:08:10:42 +0000] "OPTIONS /rememberthename/api/customer/ HTTP/1.1" 500 16499
192.168.1.112 - - [09/Apr/2021:08:10:43 +0000] "OPTIONS /rememberthename/api/customer/ HTTP/1.1" 500 16499
192.168.1.112 - - [09/Apr/2021:08:10:43 +0000] "OPTIONS /rememberthename/api/customer/ HTTP/1.1" 500 16499
127.0.0.1 - rodrigodinis [09/Apr/2021:10:02:51 +0000] "PUT /manager/text/deploy?path=%2Frememberthename&update=true HTTP/1.1" 200 72
0:0:0:0:0:0:0:1 - - [09/Apr/2021:10:02:57 +0000] "GET /rememberthename/api/customer HTTP/1.1" 500 16499
127.0.0.1 - rodrigodinis [09/Apr/2021:10:04:03 +0000] "PUT /manager/text/deploy?path=%2Frememberthename&update=true HTTP/1.1" 200 72
0:0:0:0:0:0:0:1 - - [09/Apr/2021:10:04:11 +0000] "GET /rememberthename/api/customer HTTP/1.1" 200 197
192.168.1.137 - - [09/Apr/2021:10:24:22 +0000] "GET /rememberthename/api/customer/ HTTP/1.1" 200 197
192.168.1.137 - - [09/Apr/2021:10:25:28 +0000] "OPTIONS /rememberthename/api/customer/ HTTP/1.1" 200 -
192.168.1.137 - - [09/Apr/2021:10:25:28 +0000] "POST /rememberthename/api/customer/ HTTP/1.1" 201 -
192.168.1.137 - - [09/Apr/2021:10:26:13 +0000] "OPTIONS /rememberthename/api/customer/ HTTP/1.1" 200 -
192.168.1.137 - - [09/Apr/2021:10:26:13 +0000] "POST /rememberthename/api/customer/ HTTP/1.1" 201 -
192.168.1.137 - - [09/Apr/2021:10:38:09 +0000] "OPTIONS /rememberthename/api/customer/ HTTP/1.1" 200 -
192.168.1.137 - - [09/Apr/2021:10:38:09 +0000] "POST /rememberthename/api/customer/ HTTP/1.1" 201 -
0:0:0:0:0:0:0:1 - - [09/Apr/2021:10:38:36 +0000] "GET /rememberthename/api/customer HTTP/1.1" 200 769
192.168.1.137 - - [09/Apr/2021:10:50:13 +0000] "GET /rememberthename/api/customer/ HTTP/1.1" 200 769
0:0:0:0:0:0:0:1 - - [09/Apr/2021:11:06:16 +0000] "GET /rememberthename/api/customer HTTP/1.1" 200 769
192.168.1.137 - - [09/Apr/2021:11:10:39 +0000] "GET /rememberthename/api/customer/ HTTP/1.1" 200 769
192.168.1.137 - - [09/Apr/2021:11:11:20 +0000] "OPTIONS /rememberthename/api/customer/ HTTP/1.1" 200 -
192.168.1.137 - - [09/Apr/2021:11:11:20 +0000] "POST /rememberthename/api/customer/ HTTP/1.1" 201 -
192.168.1.137 - - [09/Apr/2021:12:21:35 +0000] "OPTIONS /rememberthename/api/customer/ HTTP/1.1" 200 -
192.168.1.137 - - [09/Apr/2021:12:21:35 +0000] "POST /rememberthename/api/customer/ HTTP/1.1" 201 -
192.168.1.137 - - [09/Apr/2021:12:22:56 +0000] "GET /rememberthename/api/customer/ HTTP/1.1" 200 1129
